@reslists\Counter-Strike: Source\engine.lst
@reslists\Counter-Strike: Source\cs_assault.lst
@reslists\Counter-Strike: Source\cs_compound.lst
@reslists\Counter-Strike: Source\cs_havana.lst
@reslists\Counter-Strike: Source\cs_italy.lst
@reslists\Counter-Strike: Source\cs_militia.lst
@reslists\Counter-Strike: Source\cs_office.lst
@reslists\Counter-Strike: Source\de_aztec.lst
@reslists\Counter-Strike: Source\de_cbble.lst
@reslists\Counter-Strike: Source\de_chateau.lst
@reslists\Counter-Strike: Source\de_dust.lst
@reslists\Counter-Strike: Source\de_dust2.lst
@reslists\Counter-Strike: Source\de_inferno.lst
@reslists\Counter-Strike: Source\de_nuke.lst
@reslists\Counter-Strike: Source\de_piranesi.lst
@reslists\Counter-Strike: Source\de_port.lst
@reslists\Counter-Strike: Source\de_prodigy.lst
@reslists\Counter-Strike: Source\de_tides.lst
@reslists\Counter-Strike: Source\de_train.lst
@reslists\Counter-Strike: Source\test_hardware.lst
@reslists\Counter-Strike: Source\test_speakers.lst
@reslists\Counter-Strike: Source\unreferenced.lst
@reslists\unreferenced_files.lst
@reslists\whitelist.lst

