cstrike\botchatter.db
cstrike\botprofile.db
cstrike\classes\ak47.res
cstrike\classes\aug.res
cstrike\classes\awp.res
cstrike\classes\deserteagle.res
cstrike\classes\elites.res
cstrike\classes\famas.res
cstrike\classes\fiveseven.res
cstrike\classes\g3sg1.res
cstrike\classes\galil.res
cstrike\classes\glock18.res
cstrike\classes\m249.res
cstrike\classes\m3.res
cstrike\classes\m4a1.res
cstrike\classes\mac10.res
cstrike\classes\mp5.res
cstrike\classes\not_available.res
cstrike\classes\p228.res
cstrike\classes\p90.res
cstrike\classes\scout.res
cstrike\classes\sg550.res
cstrike\classes\sg552.res
cstrike\classes\shield.res
cstrike\classes\tmp.res
cstrike\classes\ump45.res
cstrike\classes\usp45.res
cstrike\classes\xm1014.res
cstrike\materials\dev\dev_combinemonitor_b.vmt
cstrike\materials\fx\white25_ref.vtf
cstrike\materials\fx\white50_ref.vtf
cstrike\materials\vgui\gfx\vgui\cs_logo.vmt
cstrike\materials\vgui\gfx\vgui\cs_logo.vtf
cstrike\materials\vgui\gfx\vgui\ct_random.vmt
cstrike\materials\vgui\gfx\vgui\ct_random.vtf
cstrike\materials\vgui\gfx\vgui\defuser.vmt
cstrike\materials\vgui\gfx\vgui\defuser.vtf
cstrike\materials\vgui\gfx\vgui\flashbang.vmt
cstrike\materials\vgui\gfx\vgui\flashbang.vtf
cstrike\materials\vgui\gfx\vgui\hegrenade.vmt
cstrike\materials\vgui\gfx\vgui\hegrenade.vtf
cstrike\materials\vgui\gfx\vgui\kevlar.vmt
cstrike\materials\vgui\gfx\vgui\kevlar.vtf
cstrike\materials\vgui\gfx\vgui\kevlar_helmet.vmt
cstrike\materials\vgui\gfx\vgui\kevlar_helmet.vtf
cstrike\materials\vgui\gfx\vgui\leet.vmt
cstrike\materials\vgui\gfx\vgui\leet.vtf
cstrike\materials\vgui\gfx\vgui\m249.vmt
cstrike\materials\vgui\gfx\vgui\m249.vtf
cstrike\materials\vgui\gfx\vgui\m3.vmt
cstrike\materials\vgui\gfx\vgui\m3.vtf
cstrike\materials\vgui\gfx\vgui\m4a1.vmt
cstrike\materials\vgui\gfx\vgui\m4a1.vtf
cstrike\materials\vgui\gfx\vgui\mac10.vmt
cstrike\materials\vgui\gfx\vgui\mac10.vtf
cstrike\materials\vgui\gfx\vgui\mp5.vmt
cstrike\materials\vgui\gfx\vgui\mp5.vtf
cstrike\materials\vgui\gfx\vgui\nightvision.vmt
cstrike\materials\vgui\gfx\vgui\nightvision.vtf
cstrike\materials\vgui\gfx\vgui\not_available.vmt
cstrike\materials\vgui\gfx\vgui\not_available.vtf
cstrike\materials\vgui\gfx\vgui\p228.vmt
cstrike\materials\vgui\gfx\vgui\p228.vtf
cstrike\materials\vgui\gfx\vgui\p90.vmt
cstrike\materials\vgui\gfx\vgui\p90.vtf
cstrike\materials\vgui\gfx\vgui\round_corner_ne.vmt
cstrike\materials\vgui\gfx\vgui\round_corner_ne.vtf
cstrike\materials\vgui\gfx\vgui\round_corner_nw.vmt
cstrike\materials\vgui\gfx\vgui\round_corner_nw.vtf
cstrike\materials\vgui\gfx\vgui\round_corner_se.vmt
cstrike\materials\vgui\gfx\vgui\round_corner_se.vtf
cstrike\materials\vgui\gfx\vgui\round_corner_sw.vmt
cstrike\materials\vgui\gfx\vgui\round_corner_sw.vtf
cstrike\materials\vgui\gfx\vgui\sas.vmt
cstrike\materials\vgui\gfx\vgui\sas.vtf
cstrike\materials\vgui\gfx\vgui\scout.vmt
cstrike\materials\vgui\gfx\vgui\scout.vtf
cstrike\materials\vgui\gfx\vgui\sg550.vmt
cstrike\materials\vgui\gfx\vgui\sg550.vtf
cstrike\materials\vgui\gfx\vgui\sg552.vmt
cstrike\materials\vgui\gfx\vgui\sg552.vtf
cstrike\materials\vgui\gfx\vgui\shield.vmt
cstrike\materials\vgui\gfx\vgui\shield.vtf
cstrike\materials\vgui\gfx\vgui\smokegrenade.vmt
cstrike\materials\vgui\gfx\vgui\smokegrenade.vtf
cstrike\materials\vgui\gfx\vgui\solid_background.vmt
cstrike\materials\vgui\gfx\vgui\solid_background.vtf
cstrike\materials\vgui\gfx\vgui\t_random.vmt
cstrike\materials\vgui\gfx\vgui\t_random.vtf
cstrike\materials\vgui\gfx\vgui\terror.vmt
cstrike\materials\vgui\gfx\vgui\terror.vtf
cstrike\materials\vgui\gfx\vgui\tmp.vmt
cstrike\materials\vgui\gfx\vgui\tmp.vtf
cstrike\materials\vgui\gfx\vgui\trans_background.vmt
cstrike\materials\vgui\gfx\vgui\trans_background.vtf
cstrike\materials\vgui\gfx\vgui\ump45.vmt
cstrike\materials\vgui\gfx\vgui\ump45.vtf
cstrike\materials\vgui\gfx\vgui\urban.vmt
cstrike\materials\vgui\gfx\vgui\urban.vtf
cstrike\materials\vgui\gfx\vgui\usp45.vmt
cstrike\materials\vgui\gfx\vgui\usp45.vtf
cstrike\materials\vgui\gfx\vgui\vip.vmt
cstrike\materials\vgui\gfx\vgui\vip.vtf
cstrike\materials\vgui\gfx\vgui\xm1014.vmt
cstrike\materials\vgui\gfx\vgui\xm1014.vtf
cstrike\materials\vgui\logos\spray_bullseye.vtf
cstrike\materials\vgui\logos\spray_crosshairs.vtf
cstrike\materials\vgui\logos\spray_crybaby.vtf
cstrike\materials\vgui\logos\spray_bullseye.vmt
cstrike\materials\vgui\logos\spray_crosshairs.vmt
cstrike\materials\vgui\logos\spray_crybaby.vmt
cstrike\materials\vgui\logos\spray_elited.vmt
cstrike\materials\vgui\logos\spray_elited.vtf
cstrike\materials\vgui\logos\spray_flashbanged.vmt
cstrike\materials\vgui\logos\spray_flashbanged.vtf
cstrike\materials\vgui\logos\spray_grenaded.vmt
cstrike\materials\vgui\logos\spray_grenaded.vtf
cstrike\materials\vgui\logos\spray_headshot.vmt
cstrike\materials\vgui\logos\spray_headshot.vtf
cstrike\materials\vgui\logos\spray_insights.vmt
cstrike\materials\vgui\logos\spray_insights.vtf
cstrike\materials\vgui\logos\spray_kamikazi.vmt
cstrike\materials\vgui\logos\spray_kamikazi.vtf
cstrike\materials\vgui\logos\spray_killroy.vmt
cstrike\materials\vgui\logos\spray_killroy.vtf
cstrike\materials\vgui\logos\spray_kilroy.vmt
cstrike\materials\vgui\logos\spray_kilroy.vtf
cstrike\materials\vgui\logos\spray_knifed.vmt
cstrike\materials\vgui\logos\spray_knifed.vtf
cstrike\materials\vgui\logos\spray_nobombs.vmt
cstrike\materials\vgui\logos\spray_nobombs.vtf
cstrike\materials\vgui\logos\spray_nosmoking.vmt
cstrike\materials\vgui\logos\spray_nosmoking.vtf
cstrike\materials\vgui\logos\spray_nowar.vmt
cstrike\materials\vgui\logos\spray_nowar.vtf
cstrike\materials\vgui\logos\spray_touchdown.vmt
cstrike\materials\vgui\logos\spray_touchdown.vtf
cstrike\materials\vgui\screens\c4panel_bg.vmt
cstrike\materials\vgui\screens\c4panel_bg.vtf
cstrike\materials\vgui\screens\transparent.vmt
cstrike\materials\vgui\screens\transparent.vtf
cstrike\materials\vgui\screens\vgui_overlay.vmt
cstrike\materials\vgui\screens\vgui_overlay.vtf
cstrike\materials\vgui\white_additive.vmt
cstrike\materials\vgui\white_additive.vtf
cstrike\materials\cs_italy\castflt.vmt
cstrike\materials\cs_italy\castflt.vtf
cstrike\materials\cs_italy\concrete1_1.vmt
cstrike\materials\cs_italy\concrete1_1.vtf
cstrike\materials\cs_italy\door_sn01.vmt
cstrike\materials\cs_italy\door_sn01.vtf
cstrike\materials\cs_italy\door_sn01_normal.vtf
cstrike\materials\cs_italy\t_bench1.vmt
cstrike\materials\cs_italy\t_bench1.vtf
cstrike\materials\cs_italy\t_bench2.vmt
cstrike\materials\cs_italy\t_bench2.vtf
cstrike\materials\cs_italy\t_bench3.vmt
cstrike\materials\cs_italy\t_bench3.vtf
cstrike\materials\cs_italy\t_bench3_base.vmt
cstrike\materials\cs_italy\t_bench3_base.vtf
cstrike\materials\cs_italy\t_btm_ex_17.vmt
cstrike\materials\cs_italy\t_btm_ex_17.vtf
cstrike\materials\cs_italy\t_btm_ex_3.vmt
cstrike\materials\cs_italy\t_btm_ex_3.vtf
cstrike\materials\cs_italy\wood_shttrz_1.vmt
cstrike\materials\cs_italy\wood_shttrz_1.vtf
cstrike\materials\cs_italy\rv_brickwall.vmt
cstrike\materials\cs_italy\rv_brickwall.vtf
cstrike\materials\de_cbble\cstldr2big.vmt
cstrike\materials\de_cbble\cstldr2big.vtf
cstrike\materials\de_cbble\cstldr2big_normal.vtf
cstrike\materials\de_dust\sandroadtgtb.vmt
cstrike\materials\de_dust\sandroadtgtb.vtf
cstrike\materials\de_dust\sandwlldoor2.vmt
cstrike\materials\de_dust\sandwlldoor2.vtf
cstrike\materials\de_dust\dudoor.vmt
cstrike\materials\de_dust\dudoor.vtf
cstrike\materials\decals\arrowlf.vmt
cstrike\materials\decals\arrowlf.vtf
cstrike\materials\decals\arrowrt.vmt
cstrike\materials\decals\arrowrt.vtf
cstrike\materials\decals\arrowuplf.vmt
cstrike\materials\decals\arrowuplf.vtf
cstrike\materials\decals\arrowuprt.vmt
cstrike\materials\decals\arrowuprt.vtf
cstrike\materials\decals\metal\shot6_subrect.vmt
cstrike\materials\decals\metal\shot7_subrect.vmt
cstrike\materials\models\shells\12gauge\shell_12gauge.vmt
cstrike\materials\models\shells\12gauge\shell_12gauge.vtf
cstrike\materials\models\shells\338mag\shell_338mag.vmt
cstrike\materials\models\shells\338mag\shell_338mag.vtf
cstrike\materials\models\shells\556\shell_556.vmt
cstrike\materials\models\shells\556\shell_556.vtf
cstrike\materials\models\shells\57\shell_57.vmt
cstrike\materials\models\shells\57\shell_57.vtf
cstrike\materials\models\shells\762nato\shell_762nato.vmt
cstrike\materials\models\shells\762nato\shell_762nato.vtf
cstrike\materials\models\shells\9mm\shell_9mm.vmt
cstrike\materials\models\shells\9mm\shell_9mm.vtf
cstrike\materials\models\props\cs_office\awning_long.vtf
cstrike\materials\models\props\cs_office\awning_long_ref.vtf
cstrike\materials\models\props\cs_office\bookshelf1.vtf
cstrike\materials\models\props\cs_office\chair_office.vtf
cstrike\materials\models\props\cs_office\circuit_boards.vtf
cstrike\materials\models\props\cs_office\crates_indoor.vtf
cstrike\materials\models\props\cs_office\crates_outdoor.vtf
cstrike\materials\models\props\cs_office\exit_ceiling.vtf
cstrike\materials\models\props\cs_office\file_box.vtf
cstrike\materials\models\props\cs_office\file_cabinet1.vtf
cstrike\materials\models\props\cs_office\file_cabinet1_ref.vtf
cstrike\materials\models\props\cs_office\file_cabinet2.vtf
cstrike\materials\models\props\cs_office\file_cabinet2_ref.vtf
cstrike\materials\models\props\cs_office\file_cabinet3.vtf
cstrike\materials\models\props\cs_office\file_cabinet3_ref.vtf
cstrike\materials\models\props\cs_office\fire_extinguisher.vtf
cstrike\materials\models\props\cs_office\fire_extinguisher_ref.vtf
cstrike\materials\models\props\cs_office\ladder.vtf
cstrike\materials\models\props\cs_office\light_ceiling.vtf
cstrike\materials\models\props\cs_office\light_ceiling_ref.vtf
cstrike\materials\models\props\cs_office\light_security.vtf
cstrike\materials\models\props\cs_office\light_security2.vtf
cstrike\materials\models\props\cs_office\light_securitya.vtf
cstrike\materials\models\props\cs_office\light_shop.vtf
cstrike\materials\models\props\cs_office\light_shop_ref.vtf
cstrike\materials\models\props\cs_office\paperbox_01.vtf
cstrike\materials\models\props\cs_office\plant01.vtf
cstrike\materials\models\props\cs_office\plant01_p.vtf
cstrike\materials\models\props\cs_office\plant02.vtf
cstrike\materials\models\props\cs_office\poster_backing.vtf
cstrike\materials\models\props\cs_office\projector.vtf
cstrike\materials\models\props\cs_office\projector_p.vtf
cstrike\materials\models\props\cs_office\projector_p_ref.vtf
cstrike\materials\models\props\cs_office\projector_ref.vtf
cstrike\materials\models\props\cs_office\railing_stairs.vtf
cstrike\materials\models\props\cs_office\railing_stairs2.vtf
cstrike\materials\models\props\cs_office\shelves_metal.vtf
cstrike\materials\models\props\cs_office\shelves_metal_ref.vtf
cstrike\materials\models\props\cs_office\shelves_stuff.vtf
cstrike\materials\models\props\cs_office\tv_plasma.vtf
cstrike\materials\models\props\cs_office\tv_plasma_p.vtf
cstrike\materials\models\props\cs_office\tv_plasma_p_ref.vtf
cstrike\materials\models\props\cs_office\tv_plasma_ref.vtf
cstrike\materials\models\props\cs_office\table_coffee.vtf
cstrike\materials\models\props\cs_office\table_coffee_ref.vtf
cstrike\materials\models\props\cs_office\table_meeting.vtf
cstrike\materials\models\props\cs_office\table_meeting_ref.vtf
cstrike\materials\models\props\cs_office\vending_machine.vtf
cstrike\materials\models\props\cs_office\vending_machine_ref.vtf
cstrike\materials\models\props\cs_office\water_bottle.vtf
cstrike\materials\models\props\cs_office\water_bottle_ref.vtf
cstrike\materials\models\props_c17\woodbarrel001.vtf
cstrike\materials\models\props_junk\garbage001a_01.vmt
cstrike\materials\models\props_junk\garbage001a_01.vtf
cstrike\materials\models\weapons\v_models\snip_awp\v_awp_scope.vmt
cstrike\materials\plaster\wallpaper001a.vmt
cstrike\materials\plaster\wallpaper001a.vtf
cstrike\materials\plaster\wallpaper004a.vmt
cstrike\materials\plaster\wallpaper004a.vtf
cstrike\materials\skybox\officebk.vmt
cstrike\materials\skybox\officedn.vmt
cstrike\materials\skybox\officeft.vmt
cstrike\materials\skybox\officelf.vmt
cstrike\materials\skybox\officert.vmt
cstrike\materials\skybox\officeup.vmt
cstrike\materials\sprites\glow.vtf
cstrike\materials\sprites\halo.vtf
cstrike\media\turtlerock.avi
cstrike\media\valve.avi
cstrike\models\shadertest\predator.dx80.vtx
cstrike\models\shadertest\predator.dx90.vtx
cstrike\models\shadertest\predator.mdl
cstrike\models\shadertest\predator.sw.vtx
cstrike\models\shadertest\predator.vvd
cstrike\models\shells\shell_12gauge.dx80.vtx
cstrike\models\shells\shell_12gauge.dx90.vtx
cstrike\models\shells\shell_12gauge.mdl
cstrike\models\shells\shell_12gauge.sw.vtx
cstrike\models\shells\shell_12gauge.vvd
cstrike\models\shells\shell_338mag.dx80.vtx
cstrike\models\shells\shell_338mag.dx90.vtx
cstrike\models\shells\shell_338mag.mdl
cstrike\models\shells\shell_338mag.sw.vtx
cstrike\models\shells\shell_338mag.vvd
cstrike\models\shells\shell_556.dx80.vtx
cstrike\models\shells\shell_556.dx90.vtx
cstrike\models\shells\shell_556.mdl
cstrike\models\shells\shell_556.sw.vtx
cstrike\models\shells\shell_556.vvd
cstrike\models\shells\shell_57.dx80.vtx
cstrike\models\shells\shell_57.dx90.vtx
cstrike\models\shells\shell_57.mdl
cstrike\models\shells\shell_57.sw.vtx
cstrike\models\shells\shell_57.vvd
cstrike\models\shells\shell_762nato.dx80.vtx
cstrike\models\shells\shell_762nato.dx90.vtx
cstrike\models\shells\shell_762nato.mdl
cstrike\models\shells\shell_762nato.sw.vtx
cstrike\models\shells\shell_762nato.vvd
cstrike\models\shells\shell_9mm.dx80.vtx
cstrike\models\shells\shell_9mm.dx90.vtx
cstrike\models\shells\shell_9mm.mdl
cstrike\models\shells\shell_9mm.sw.vtx
cstrike\models\shells\shell_9mm.vvd
cstrike\models\props\cs_office\crates_indoor.dx80.vtx
cstrike\models\props\cs_office\crates_indoor.dx90.vtx
cstrike\models\props\cs_office\crates_indoor.mdl
cstrike\models\props\cs_office\crates_indoor.phy
cstrike\models\props\cs_office\crates_indoor.sw.vtx
cstrike\models\props\cs_office\crates_indoor.vvd
cstrike\models\props\cs_office\crates_outdoor.dx80.vtx
cstrike\models\props\cs_office\crates_outdoor.dx90.vtx
cstrike\models\props\cs_office\crates_outdoor.mdl
cstrike\models\props\cs_office\crates_outdoor.phy
cstrike\models\props\cs_office\crates_outdoor.sw.vtx
cstrike\models\props\cs_office\crates_outdoor.vvd
cstrike\models\props\cs_office\exit_ceiling.dx80.vtx
cstrike\models\props\cs_office\exit_ceiling.dx90.vtx
cstrike\models\props\cs_office\exit_ceiling.mdl
cstrike\models\props\cs_office\exit_ceiling.phy
cstrike\models\props\cs_office\exit_ceiling.sw.vtx
cstrike\models\props\cs_office\exit_ceiling.vvd
cstrike\models\props\cs_office\exit_wall.dx80.vtx
cstrike\models\props\cs_office\exit_wall.dx90.vtx
cstrike\models\props\cs_office\exit_wall.mdl
cstrike\models\props\cs_office\exit_wall.phy
cstrike\models\props\cs_office\exit_wall.sw.vtx
cstrike\models\props\cs_office\exit_wall.vvd
cstrike\models\props\cs_office\fire_extinguisher.dx80.vtx
cstrike\models\props\cs_office\fire_extinguisher.dx90.vtx
cstrike\models\props\cs_office\fire_extinguisher.mdl
cstrike\models\props\cs_office\fire_extinguisher.phy
cstrike\models\props\cs_office\fire_extinguisher.sw.vtx
cstrike\models\props\cs_office\fire_extinguisher.vvd
cstrike\models\props\cs_office\ladder1.dx80.vtx
cstrike\models\props\cs_office\ladder1.dx90.vtx
cstrike\models\props\cs_office\ladder1.mdl
cstrike\models\props\cs_office\ladder1.sw.vtx
cstrike\models\props\cs_office\ladder1.vvd
cstrike\models\props\cs_office\light_ceiling.dx80.vtx
cstrike\models\props\cs_office\light_ceiling.dx90.vtx
cstrike\models\props\cs_office\light_ceiling.mdl
cstrike\models\props\cs_office\light_ceiling.phy
cstrike\models\props\cs_office\light_ceiling.sw.vtx
cstrike\models\props\cs_office\light_ceiling.vvd
cstrike\models\props\cs_office\light_inset.dx80.vtx
cstrike\models\props\cs_office\light_inset.dx90.vtx
cstrike\models\props\cs_office\light_inset.mdl
cstrike\models\props\cs_office\light_inset.phy
cstrike\models\props\cs_office\light_inset.sw.vtx
cstrike\models\props\cs_office\light_inset.vvd
cstrike\models\props\cs_office\light_security.dx80.vtx
cstrike\models\props\cs_office\light_security.dx90.vtx
cstrike\models\props\cs_office\light_security.mdl
cstrike\models\props\cs_office\light_security.phy
cstrike\models\props\cs_office\light_security.sw.vtx
cstrike\models\props\cs_office\light_security.vvd
cstrike\models\props\cs_office\light_shop.dx80.vtx
cstrike\models\props\cs_office\light_shop.dx90.vtx
cstrike\models\props\cs_office\light_shop.mdl
cstrike\models\props\cs_office\light_shop.phy
cstrike\models\props\cs_office\light_shop.sw.vtx
cstrike\models\props\cs_office\light_shop.vvd
cstrike\models\props\cs_office\paper_towels.dx80.vtx
cstrike\models\props\cs_office\paper_towels.dx90.vtx
cstrike\models\props\cs_office\paper_towels.mdl
cstrike\models\props\cs_office\paper_towels.phy
cstrike\models\props\cs_office\paper_towels.sw.vtx
cstrike\models\props\cs_office\paper_towels.vvd
cstrike\models\props\cs_office\shelves_metal.dx80.vtx
cstrike\models\props\cs_office\shelves_metal.dx90.vtx
cstrike\models\props\cs_office\shelves_metal.mdl
cstrike\models\props\cs_office\shelves_metal.phy
cstrike\models\props\cs_office\shelves_metal.sw.vtx
cstrike\models\props\cs_office\shelves_metal.vvd
cstrike\models\props\cs_office\tv_plasma.dx80.vtx
cstrike\models\props\cs_office\tv_plasma.dx90.vtx
cstrike\models\props\cs_office\tv_plasma.mdl
cstrike\models\props\cs_office\tv_plasma.phy
cstrike\models\props\cs_office\tv_plasma.sw.vtx
cstrike\models\props\cs_office\tv_plasma.vvd
cstrike\models\props\cs_office\tv_plasma_gib1.dx80.vtx
cstrike\models\props\cs_office\tv_plasma_gib1.dx90.vtx
cstrike\models\props\cs_office\tv_plasma_gib1.mdl
cstrike\models\props\cs_office\tv_plasma_gib1.phy
cstrike\models\props\cs_office\tv_plasma_gib1.sw.vtx
cstrike\models\props\cs_office\tv_plasma_gib1.vvd
cstrike\models\props\cs_office\tv_plasma_gib2.dx80.vtx
cstrike\models\props\cs_office\tv_plasma_gib2.dx90.vtx
cstrike\models\props\cs_office\tv_plasma_gib2.mdl
cstrike\models\props\cs_office\tv_plasma_gib2.phy
cstrike\models\props\cs_office\tv_plasma_gib2.sw.vtx
cstrike\models\props\cs_office\tv_plasma_gib2.vvd
cstrike\models\props\cs_office\tv_plasma_p1.dx80.vtx
cstrike\models\props\cs_office\tv_plasma_p1.dx90.vtx
cstrike\models\props\cs_office\tv_plasma_p1.mdl
cstrike\models\props\cs_office\tv_plasma_p1.phy
cstrike\models\props\cs_office\tv_plasma_p1.sw.vtx
cstrike\models\props\cs_office\tv_plasma_p1.vvd
cstrike\models\props\cs_office\tv_plasma_p2.dx80.vtx
cstrike\models\props\cs_office\tv_plasma_p2.dx90.vtx
cstrike\models\props\cs_office\tv_plasma_p2.mdl
cstrike\models\props\cs_office\tv_plasma_p2.phy
cstrike\models\props\cs_office\tv_plasma_p2.sw.vtx
cstrike\models\props\cs_office\tv_plasma_p2.vvd
cstrike\models\props\cs_office\tv_plasma_p3.dx80.vtx
cstrike\models\props\cs_office\tv_plasma_p3.dx90.vtx
cstrike\models\props\cs_office\tv_plasma_p3.mdl
cstrike\models\props\cs_office\tv_plasma_p3.phy
cstrike\models\props\cs_office\tv_plasma_p3.sw.vtx
cstrike\models\props\cs_office\tv_plasma_p3.vvd
cstrike\models\props\cs_office\tv_plasma_p4.dx80.vtx
cstrike\models\props\cs_office\tv_plasma_p4.dx90.vtx
cstrike\models\props\cs_office\tv_plasma_p4.mdl
cstrike\models\props\cs_office\tv_plasma_p4.phy
cstrike\models\props\cs_office\tv_plasma_p4.sw.vtx
cstrike\models\props\cs_office\tv_plasma_p4.vvd
cstrike\models\props\cs_office\table_coffee.dx80.vtx
cstrike\models\props\cs_office\table_coffee.dx90.vtx
cstrike\models\props\cs_office\table_coffee.mdl
cstrike\models\props\cs_office\table_coffee.phy
cstrike\models\props\cs_office\table_coffee.sw.vtx
cstrike\models\props\cs_office\table_coffee.vvd
cstrike\models\props\cs_office\table_coffee_p1.dx80.vtx
cstrike\models\props\cs_office\table_coffee_p1.dx90.vtx
cstrike\models\props\cs_office\table_coffee_p1.mdl
cstrike\models\props\cs_office\table_coffee_p1.phy
cstrike\models\props\cs_office\table_coffee_p1.sw.vtx
cstrike\models\props\cs_office\table_coffee_p1.vvd
cstrike\models\props\cs_office\table_coffee_p2.dx80.vtx
cstrike\models\props\cs_office\table_coffee_p2.dx90.vtx
cstrike\models\props\cs_office\table_coffee_p2.mdl
cstrike\models\props\cs_office\table_coffee_p2.phy
cstrike\models\props\cs_office\table_coffee_p2.sw.vtx
cstrike\models\props\cs_office\table_coffee_p2.vvd
cstrike\models\props\cs_office\table_coffee_p3.dx80.vtx
cstrike\models\props\cs_office\table_coffee_p3.dx90.vtx
cstrike\models\props\cs_office\table_coffee_p3.mdl
cstrike\models\props\cs_office\table_coffee_p3.phy
cstrike\models\props\cs_office\table_coffee_p3.sw.vtx
cstrike\models\props\cs_office\table_coffee_p3.vvd
cstrike\models\props\cs_office\table_meeting.dx80.vtx
cstrike\models\props\cs_office\table_meeting.dx90.vtx
cstrike\models\props\cs_office\table_meeting.mdl
cstrike\models\props\cs_office\table_meeting.phy
cstrike\models\props\cs_office\table_meeting.sw.vtx
cstrike\models\props\cs_office\table_meeting.vvd
cstrike\models\props\cs_office\vending_machine.dx80.vtx
cstrike\models\props\cs_office\vending_machine.dx90.vtx
cstrike\models\props\cs_office\vending_machine.mdl
cstrike\models\props\cs_office\vending_machine.phy
cstrike\models\props\cs_office\vending_machine.sw.vtx
cstrike\models\props\cs_office\vending_machine.vvd
cstrike\models\props\cs_office\water_bottle.dx80.vtx
cstrike\models\props\cs_office\water_bottle.dx90.vtx
cstrike\models\props\cs_office\water_bottle.mdl
cstrike\models\props\cs_office\water_bottle.phy
cstrike\models\props\cs_office\water_bottle.sw.vtx
cstrike\models\props\cs_office\water_bottle.vvd
cstrike\models\props\cs_office\address.dx80.vtx
cstrike\models\props\cs_office\address.dx90.vtx
cstrike\models\props\cs_office\address.mdl
cstrike\models\props\cs_office\address.phy
cstrike\models\props\cs_office\address.sw.vtx
cstrike\models\props\cs_office\address.vvd
cstrike\models\props_c17\canister_propane01a.dx80.vtx
cstrike\models\props_c17\canister_propane01a.dx90.vtx
cstrike\models\props_c17\canister_propane01a.mdl
cstrike\models\props_c17\canister_propane01a.phy
cstrike\models\props_c17\canister_propane01a.sw.vtx
cstrike\models\props_c17\canister_propane01a.vvd
cstrike\models\props_c17\elevator01.dx80.vtx
cstrike\models\props_c17\elevator01.dx90.vtx
cstrike\models\props_c17\elevator01.mdl
cstrike\models\props_c17\elevator01.phy
cstrike\models\props_c17\elevator01.sw.vtx
cstrike\models\props_c17\elevator01.vvd
cstrike\models\props_junk\garbage_milkcarton002a.dx80.vtx
cstrike\models\props_junk\garbage_milkcarton002a.dx90.vtx
cstrike\models\props_junk\garbage_milkcarton002a.mdl
cstrike\models\props_junk\garbage_milkcarton002a.phy
cstrike\models\props_junk\garbage_milkcarton002a.sw.vtx
cstrike\models\props_junk\garbage_milkcarton002a.vvd
cstrike\models\props_rooftop\chimneypipe_cluster02b.dx80.vtx
cstrike\models\props_rooftop\chimneypipe_cluster02b.dx90.vtx
cstrike\models\props_rooftop\chimneypipe_cluster02b.jpg
cstrike\models\props_rooftop\chimneypipe_cluster02b.mdl
cstrike\models\props_rooftop\chimneypipe_cluster02b.phy
cstrike\models\props_rooftop\chimneypipe_cluster02b.sw.vtx
cstrike\models\props_rooftop\chimneypipe_cluster02b.vvd
cstrike\models\props_rooftop\railing01a.dx80.vtx
cstrike\models\props_rooftop\railing01a.dx90.vtx
cstrike\models\props_rooftop\railing01a.jpg
cstrike\models\props_rooftop\railing01a.mdl
cstrike\models\props_rooftop\railing01a.phy
cstrike\models\props_rooftop\railing01a.sw.vtx
cstrike\models\props_rooftop\railing01a.vvd
cstrike\resource\baseactionplaybackratedialog.res
cstrike\resource\cslogo.ttf
cstrike\resource\pdacontrolpanelscheme.res
cstrike\resource\playerlistdialog.res
cstrike\resource\savegamedialog.res
cstrike\resource\steampassworddialog.res
cstrike\resource\trackerscheme.res
cstrike\resource\bugreporter.res
cstrike\resource\commandmenu.res
cstrike\resource\cs.ttf
cstrike\resource\csd.ttf
cstrike\resource\cstrike_english.txt
cstrike\resource\cstrikeevents.res
cstrike\resource\english.txt
cstrike\resource\fake_microphone_meter.tga
cstrike\resource\game.ico
cstrike\resource\game_menu.tga
cstrike\resource\game_menu_mouseover.tga
cstrike\resource\gameui_english.txt
cstrike\resource\mic_meter_dead.tga
cstrike\resource\mic_meter_live.tga
cstrike\resource\overviews\devtest.txt
cstrike\resource\overviews\fy_rockworld.txt
cstrike\resource\ui\buymachineguns.res
cstrike\resource\ui\buypistols_ct.res
cstrike\resource\ui\buypistols_ter.res
cstrike\resource\ui\buyrifles_ct.res
cstrike\resource\ui\buyrifles_ter.res
cstrike\resource\ui\buyshotguns.res
cstrike\resource\ui\buysubmachineguns_ct.res
cstrike\resource\ui\buysubmachineguns_ter.res
cstrike\resource\ui\motd.res
cstrike\resource\ui\diagonal.tga
cstrike\scripts\320_hud.txt
cstrike\scripts\640_hud.txt
cstrike\scripts\gameserverconfig.vdf
cstrike\scripts\hudanimations.txt
cstrike\scripts\hudlayout.res
cstrike\scripts\launcherscheme.res
cstrike\scripts\cs_surfaceproperties.txt
cstrike\scripts\dialog_configuration
cstrike\scripts\dialog_controls
cstrike\scripts\dialog_internet
cstrike\scripts\dialog_lan
cstrike\scripts\dialog_loadgame
cstrike\scripts\dialog_main
cstrike\scripts\dialog_multiplayer
cstrike\scripts\dialog_newgame
cstrike\scripts\game.txt
cstrike\scripts\kb_act.lst
cstrike\scripts\kb_def.lst
cstrike\scripts\kb_keys.lst
cstrike\scripts\launcher.txt
cstrike\scripts\liblist.gam
cstrike\scripts\materials.txt
cstrike\scripts\weapon_ak47.ctx
cstrike\scripts\weapon_aug.ctx
cstrike\scripts\weapon_awp.ctx
cstrike\scripts\weapon_c4.ctx
cstrike\scripts\weapon_deagle.ctx
cstrike\scripts\weapon_elite.ctx
cstrike\scripts\weapon_famas.ctx
cstrike\scripts\weapon_fiveseven.ctx
cstrike\scripts\weapon_flashbang.ctx
cstrike\scripts\weapon_g3sg1.ctx
cstrike\scripts\weapon_galil.ctx
cstrike\scripts\weapon_glock.ctx
cstrike\scripts\weapon_hegrenade.ctx
cstrike\scripts\weapon_knife.ctx
cstrike\scripts\weapon_m249.ctx
cstrike\scripts\weapon_m3.ctx
cstrike\scripts\weapon_m4a1.ctx
cstrike\scripts\weapon_mac10.ctx
cstrike\scripts\weapon_mp5navy.ctx
cstrike\scripts\weapon_p228.ctx
cstrike\scripts\weapon_p90.ctx
cstrike\scripts\weapon_scout.ctx
cstrike\scripts\weapon_sg550.ctx
cstrike\scripts\weapon_sg552.ctx
cstrike\scripts\weapon_smokegrenade.ctx
cstrike\scripts\weapon_tmp.ctx
cstrike\scripts\weapon_ump45.ctx
cstrike\scripts\weapon_usp.ctx
cstrike\scripts\weapon_xm1014.ctx
cstrike\sound\ui\buttonclick.wav
cstrike\sound\ui\buttonclickrelease.wav
cstrike\sound\ui\buttonrollover.wav
cstrike\sound\ambient\opera.wav
cstrike\sound\weapons\clipempty_pistol.wav
cstrike\sound\weapons\clipempty_rifle.wav
platform\config\InGameDialogConfig.vdf
platform\Friends\DialogAbout.res
platform\Friends\DialogAddFriendsFromGame.res
platform\Friends\DialogAuthRequest.res
platform\Friends\DialogChat.res
platform\Friends\DialogFindBuddy.res
platform\Friends\DialogHelpIngame.res
platform\Friends\DialogRemoveUser.res
platform\Friends\DialogSendMessage.res
platform\Friends\DialogSystemMessage.res
platform\Friends\servers.vdf
platform\Friends\SubPanelFindBuddy.res
platform\Friends\SubPanelFindBuddyComplete.res
platform\Friends\SubPanelFindBuddyRequestAuth.res
platform\Friends\SubPanelFindBuddyResults.res
platform\Friends\SubPanelUserInfoDetails.res
platform\Friends\SubPanelUserInfoStatus.res
platform\Friends\TrackerDialog.res
platform\Friends\trackerui_english.txt
platform\Friends\trackerui_french.txt
platform\Friends\trackerui_german.txt
platform\Friends\trackerui_italian.txt
platform\Friends\trackerui_japanese.txt
platform\Friends\trackerui_korean.txt
platform\Friends\trackerui_koreana.txt
platform\Friends\trackerui_russian.txt
platform\Friends\trackerui_schinese.txt
platform\Friends\trackerui_spanish.txt
platform\Friends\trackerui_tchinese.txt
platform\Friends\trackerui_thai.txt
platform\Resource\CreateTokenDialog.res
platform\Resource\LocalizationDialog.res
platform\Resource\platform_english.txt
platform\Resource\platform_french.txt
platform\Resource\platform_german.txt
platform\Resource\platform_italian.txt
platform\Resource\platform_japanese.txt
platform\Resource\platform_korean.txt
platform\Resource\platform_koreana.txt
platform\Resource\platform_russian.txt
platform\Resource\platform_schinese.txt
platform\Resource\platform_spanish.txt
platform\Resource\platform_tchinese.txt
platform\Resource\platform_thai.txt
platform\Resource\SourceScheme.res
platform\Resource\vgui_english.txt
platform\Resource\vgui_french.txt
platform\Resource\vgui_german.txt
platform\Resource\vgui_italian.txt
platform\Resource\vgui_japanese.txt
platform\Resource\vgui_korean.txt
platform\Resource\vgui_koreana.txt
platform\Resource\vgui_russian.txt
platform\Resource\vgui_schinese.txt
platform\Resource\vgui_spanish.txt
platform\Resource\vgui_tchinese.txt
platform\Resource\vgui_thai.txt
platform\Resource\warning.wav
platform\Servers\DialogAddServer.res
platform\Servers\DialogGameInfo.res
platform\Servers\DialogServerBrowser.res
platform\Servers\DialogServerPage.res
platform\Servers\DialogServerPassword.res
platform\Servers\game_ready.wav
platform\Servers\icon_password.tga
platform\Servers\Regions.vdf
platform\Servers\serverbrowser_english.txt
platform\Servers\serverbrowser_french.txt
platform\Servers\serverbrowser_german.txt
platform\Servers\serverbrowser_italian.txt
platform\Servers\serverbrowser_japanese.txt
platform\Servers\serverbrowser_korean.txt
platform\Servers\serverbrowser_koreana.txt
platform\Servers\serverbrowser_russian.txt
platform\Servers\serverbrowser_schinese.txt
platform\Servers\serverbrowser_spanish.txt
platform\Servers\serverbrowser_tchinese.txt
platform\Servers\serverbrowser_thai.txt
platform\steam\games\PlatformMenu.vdf
bin\bugreporter.dll
bin\bugreporter_public.dll
bin\engine.dll
bin\FileSystem_Steam.dll
bin\GameUI.dll
bin\launcher.dll
bin\MaterialSystem.dll
bin\Mss32.dll
bin\ServerBrowser.dll
bin\shaderapidx9.dll
bin\shaderapiempty.dll
bin\shadercompile.dll
bin\shader_nvfx.dll
bin\SoundEmitterSystem.dll
bin\stdshader_dbg.dll
bin\stdshader_dx6.dll
bin\stdshader_dx7.dll
bin\stdshader_dx8.dll
bin\stdshader_dx9.dll
bin\StudioRender.dll
bin\tier0.dll
bin\TrackerNET.dll
bin\TrackerUI.dll
bin\trkadmn.dll
bin\trkapin.dll
bin\trkqryn.dll
bin\trktooln.dll
bin\trkvdbn.dll
bin\unicode.dll
bin\unicows.dll
bin\unitlib.dll
bin\vaudio_miles.dll
bin\verifyn.dll
bin\vgui2.dll
bin\vguimatsurface.dll
bin\vphysics.dll
bin\vstdlib.dll
"hl2\materials\console\loading.vmt"
"hl2\materials\console\loading.vtf"
"hl2\materials\debug\debugcamerarendertarget.vmt"
"hl2\materials\debug\debugdrawflat.vmt"
"hl2\materials\debug\debugdrawflatpolygons.vmt"
"hl2\materials\debug\debugdrawflattriangles.vmt"
"hl2\materials\debug\debugfbtexture.vmt"
"hl2\materials\debug\debughitbox.vmt"
"hl2\materials\debug\debuglightingonly.vmt"
"hl2\materials\debug\debugluxelsnoalpha.vmt"
"hl2\materials\debug\debugluxelsnoalpha.vtf"
"hl2\materials\debug\debugmrmfullbright2.vmt"
"hl2\materials\debug\debugparticlewireframe.vmt"
"hl2\materials\debug\debugportals.vmt"
"hl2\materials\debug\debugreflect.vmt"
"hl2\materials\debug\debugrefract.vmt"
"hl2\materials\debug\debugskeleton.vmt"
"hl2\materials\debug\debugvertexcolor.vmt"
"hl2\materials\debug\debugwireframe.vtf"
"hl2\materials\debug\debugworldnormals.vmt"
"hl2\materials\debug\debugworldwireframezbuffer.vtf"
"hl2\materials\debug\hsv.vmt"
"hl2\materials\debug\showblurredcolor.vmt"
"hl2\materials\debug\showdestalpha.vmt"
"hl2\materials\debug\showdestalphatimescolor_blurred.vmt"
"hl2\materials\debug\showdestalpha_blurred.vmt"
"hl2\materials\debug\yuv.vmt"
"hl2\materials\dev\bloom.vmt"
"hl2\materials\dev\blurfilterx.vmt"
"hl2\materials\dev\blurfiltery.vmt"
"hl2\materials\dev\bump.vtf"
"hl2\materials\dev\bump_dudv.vtf"
"hl2\materials\dev\bump_normal.vtf"
"hl2\materials\dev\dev_brickwall012d.vmt"
"hl2\materials\dev\dev_brickwall012d.vtf"
"hl2\materials\dev\dev_brickwall012e.vmt"
"hl2\materials\dev\dev_brickwall012e.vtf"
"hl2\materials\dev\dev_bumptest.vmt"
"hl2\materials\dev\dev_bumptest.vtf"
"hl2\materials\dev\dev_bumptest_normal.vtf"
"hl2\materials\dev\dev_camo.vmt"
"hl2\materials\dev\dev_camo.vtf"
"hl2\materials\dev\dev_camoenvmap.vtf"
"hl2\materials\dev\dev_ceiling.vmt"
"hl2\materials\dev\dev_ceiling.vtf"
"hl2\materials\dev\dev_combinemonitor_2.vmt"
"hl2\materials\dev\dev_combinemonitor_4.vmt"
"hl2\materials\dev\dev_combinemonitor_5.vmt"
"hl2\materials\dev\dev_combinemonitor_g.vmt"
"hl2\materials\dev\dev_combinemonitor_r.vmt"
"hl2\materials\dev\dev_comintmonitor1a.vmt"
"hl2\materials\dev\dev_concretefloor004a.vmt"
"hl2\materials\dev\dev_concretefloor004a.vtf"
"hl2\materials\dev\dev_concretewall020a.vmt"
"hl2\materials\dev\dev_concretewall020a.vtf"
"hl2\materials\dev\dev_corrugatedmetal.vmt"
"hl2\materials\dev\dev_corrugatedmetal.vtf"
"hl2\materials\dev\dev_corrugatedmetalbump.vtf"
"hl2\materials\dev\dev_cratewood01a.vmt"
"hl2\materials\dev\dev_cratewood01a.vtf"
"hl2\materials\dev\dev_eastwall.vmt"
"hl2\materials\dev\dev_eastwall.vtf"
"hl2\materials\dev\dev_envcubemap.vmt"
"hl2\materials\dev\dev_envcubemap.vtf"
"hl2\materials\dev\dev_envmap.vmt"
"hl2\materials\dev\dev_envmap.vtf"
"hl2\materials\dev\dev_floor.vmt"
"hl2\materials\dev\dev_floor.vtf"
"hl2\materials\dev\dev_glassfrosted01a.vmt"
"hl2\materials\dev\dev_glassfrosted01a.vtf"
"hl2\materials\dev\dev_interiorfloorgrate03b.vmt"
"hl2\materials\dev\dev_interiorfloorgrate03b.vtf"
"hl2\materials\dev\dev_interiorfloorlinoleum01f.vmt"
"hl2\materials\dev\dev_interiorfloorlinoleum01f.vtf"
"hl2\materials\dev\dev_interiorlight02b.vmt"
"hl2\materials\dev\dev_interiorlight02b.vtf"
"hl2\materials\dev\dev_lowerfloorgrate01d.vmt"
"hl2\materials\dev\dev_lowerfloorgrate01d.vtf"
"hl2\materials\dev\dev_lowermetaldoor01.vmt"
"hl2\materials\dev\dev_lowermetaldoor01.vtf"
"hl2\materials\dev\dev_lowertank01a.vmt"
"hl2\materials\dev\dev_lowertank01a.vtf"
"hl2\materials\dev\dev_lowerwallmetal01a.vmt"
"hl2\materials\dev\dev_lowerwallmetal01a.vtf"
"hl2\materials\dev\dev_lowerwallmetal01c.vmt"
"hl2\materials\dev\dev_lowerwallmetal01c.vtf"
"hl2\materials\dev\dev_lowerwallmetal01d.vmt"
"hl2\materials\dev\dev_lowerwallmetal01d.vtf"
"hl2\materials\dev\dev_materialmodify.vmt"
"hl2\materials\dev\dev_measurebarrel.vmt"
"hl2\materials\dev\dev_measurebarrel.vtf"
"hl2\materials\dev\dev_measurecolorscale.vtf"
"hl2\materials\dev\dev_measurecolorscale01.vmt"
"hl2\materials\dev\dev_measurecomputer01.vmt"
"hl2\materials\dev\dev_measurecomputer01.vtf"
"hl2\materials\dev\dev_measurecounter.vmt"
"hl2\materials\dev\dev_measurecounter.vtf"
"hl2\materials\dev\dev_measurecrate02.vmt"
"hl2\materials\dev\dev_measurecrate02.vtf"
"hl2\materials\dev\dev_measurecrate03.vmt"
"hl2\materials\dev\dev_measurecrate03.vtf"
"hl2\materials\dev\dev_measuredesk.vmt"
"hl2\materials\dev\dev_measuredesk.vtf"
"hl2\materials\dev\dev_measuredoor01.vmt"
"hl2\materials\dev\dev_measuredoor01.vtf"
"hl2\materials\dev\dev_measureice01.vmt"
"hl2\materials\dev\dev_measureice01.vtf"
"hl2\materials\dev\dev_measureladder01.vmt"
"hl2\materials\dev\dev_measureladder01.vtf"
"hl2\materials\dev\dev_measurerails01.vmt"
"hl2\materials\dev\dev_measurerails01.vtf"
"hl2\materials\dev\dev_measurerails02.vmt"
"hl2\materials\dev\dev_measurerails02.vtf"
"hl2\materials\dev\dev_measurestairs01a.vmt"
"hl2\materials\dev\dev_measurestairs01a.vtf"
"hl2\materials\dev\dev_measureswitch01.vmt"
"hl2\materials\dev\dev_measureswitch01.vtf"
"hl2\materials\dev\dev_measureswitch02.vmt"
"hl2\materials\dev\dev_measureswitch02.vtf"
"hl2\materials\dev\dev_measureswitch03.vmt"
"hl2\materials\dev\dev_measureswitch03.vtf"
"hl2\materials\dev\dev_measurewall01b.vmt"
"hl2\materials\dev\dev_measurewall01b.vtf"
"hl2\materials\dev\dev_monitor.vmt"
"hl2\materials\dev\dev_monitor.vtf"
"hl2\materials\dev\dev_normal.vtf"
"hl2\materials\dev\dev_northwall.vmt"
"hl2\materials\dev\dev_northwall.vtf"
"hl2\materials\dev\dev_pipes.vmt"
"hl2\materials\dev\dev_pipes.vtf"
"hl2\materials\dev\dev_pipesbump.vtf"
"hl2\materials\dev\dev_plasterwall001c.vmt"
"hl2\materials\dev\dev_plasterwall001c.vtf"
"hl2\materials\dev\dev_signflammable01a.vmt"
"hl2\materials\dev\dev_signflammable01a.vtf"
"hl2\materials\dev\dev_slime.vmt"
"hl2\materials\dev\dev_slime.vtf"
"hl2\materials\dev\dev_southwall.vmt"
"hl2\materials\dev\dev_southwall.vtf"
"hl2\materials\dev\dev_stonewall001a.vmt"
"hl2\materials\dev\dev_stonewall001a.vtf"
"hl2\materials\dev\dev_water2.vmt"
"hl2\materials\dev\dev_water2_cheap.vmt"
"hl2\materials\dev\dev_water3.vmt"
"hl2\materials\dev\dev_westwall.vmt"
"hl2\materials\dev\dev_westwall.vtf"
"hl2\materials\dev\downsample.vmt"
"hl2\materials\dev\flat_normal.vtf"
"hl2\materials\dev\graygrid.vmt"
"hl2\materials\dev\graygrid.vtf"
"hl2\materials\dev\ocean.vmt"
"hl2\materials\dev\oceanbeneath.vmt"
"hl2\materials\dev\reflectivity_60.vmt"
"hl2\materials\dev\reflectivity_60.vtf"
"hl2\materials\dev\reflectivity_70.vmt"
"hl2\materials\dev\reflectivity_70.vtf"
"hl2\materials\dev\reflectivity_80.vmt"
"hl2\materials\dev\reflectivity_80.vtf"
"hl2\materials\dev\reflectivity_90.vmt"
"hl2\materials\dev\reflectivity_90.vtf"
"hl2\materials\dev\twenty.vmt"
"hl2\materials\dev\twenty.vtf"
"hl2\materials\dev\water.vtf"
"hl2\materials\dev\water_dudv.vtf"
"hl2\materials\effects\ar2_altfire1.vtf"
"hl2\materials\effects\ar2_altfire2.vmt"
"hl2\materials\effects\ar2_altfire2.vtf"
"hl2\materials\effects\base.vmt"
"hl2\materials\effects\base.vtf"
"hl2\materials\effects\blood_drop.vtf"
"hl2\materials\effects\blood_gore.vtf"
"hl2\materials\effects\blood_puff.vtf"
"hl2\materials\effects\blueblackflash.txt"
"hl2\materials\effects\blueflare1.vmt"
"hl2\materials\effects\blueflare1.vtf"
"hl2\materials\effects\bubble.vmt"
"hl2\materials\effects\bubble.vtf"
"hl2\materials\effects\combinemuzzle1_dark.vmt"
"hl2\materials\effects\combinemuzzle1_dark.vtf"
"hl2\materials\effects\combine_binocoverlay.vtf"
"hl2\materials\effects\com_shield002b.vtf"
"hl2\materials\effects\com_shield003a.vmt"
"hl2\materials\effects\exit1.vmt"
"hl2\materials\effects\exit1.vtf"
"hl2\materials\effects\fisheyelens_dudv.vtf"
"hl2\materials\effects\fleck_glass3.vmt"
"hl2\materials\effects\fleck_glass3.vtf"
"hl2\materials\effects\laser1_smoke.vtf"
"hl2\materials\effects\laserplane.vmt"
"hl2\materials\effects\laserplane.vtf"
"hl2\materials\effects\mh_blood1.vmt"
"hl2\materials\effects\mh_blood1.vtf"
"hl2\materials\effects\mh_blood2.vmt"
"hl2\materials\effects\mh_blood2.vtf"
"hl2\materials\effects\mh_blood3.vmt"
"hl2\materials\effects\mh_blood3.vtf"
"hl2\materials\effects\muzzleflash1_brightness.vtf"
"hl2\materials\effects\muzzleflash2_brightness.vtf"
"hl2\materials\effects\muzzleflash3_brightness.vtf"
"hl2\materials\effects\muzzleflash4_brightness.vtf"
"hl2\materials\effects\screenwarp.vmt"
"hl2\materials\effects\security_noise2.vmt"
"hl2\materials\effects\spark_brightness.vtf"
"hl2\materials\effects\spark_noz.vmt"
"hl2\materials\effects\tp_refract.vmt"
"hl2\materials\effects\tracer_cap.vmt"
"hl2\materials\effects\tracer_cap.vtf"
"hl2\materials\effects\tracer_middle.vmt"
"hl2\materials\effects\tracer_middle.vtf"
"hl2\materials\effects\tracer_middle2.vmt"
"hl2\materials\effects\tracer_middle2.vtf"
"hl2\materials\engine\camerarendertarget.vtf"
"hl2\materials\engine\defaultcubemap.vtf"
"hl2\materials\engine\dummy.vtf"
"hl2\materials\engine\framesync.vmt"
"hl2\materials\engine\framesync1.vtf"
"hl2\materials\engine\framesync2.vtf"
"hl2\materials\engine\normalize.vtf"
"hl2\materials\engine\rendertarget256-2.vtf"
"hl2\materials\engine\rendertarget256.vtf"
"hl2\materials\engine\singlecolor.vmt"
"hl2\materials\engine\vmtview_background.vmt"
"hl2\materials\engine\volumetricfog.vmt"
"hl2\materials\hud\800corner1.vmt"
"hl2\materials\hud\800corner2.vmt"
"hl2\materials\hud\800corner3.vmt"
"hl2\materials\hud\800corner4.vmt"
"hl2\materials\hud\v_crosshair1.vmt"
"hl2\materials\hud\v_crosshair2.vmt"
"hl2\materials\matsys_regressiontest\background.vmt"
"hl2\materials\matsys_regressiontest\background.vtf"
"hl2\materials\matsys_regressiontest\basetexture.vtf"
"hl2\materials\matsys_regressiontest\cubemap.vtf"
"hl2\materials\matsys_regressiontest\detail.vtf"
"hl2\materials\matsys_regressiontest\normalmap.vtf"
"hl2\materials\matsys_regressiontest\normalmap_normal.vtf"
"hl2\materials\matsys_regressiontest\specularmask.vtf"
"hl2\materials\models\combine_turrets\ground_turret\ground_turret02.vmt"
"hl2\materials\models\combine_turrets\ground_turret\ground_turret02.vtf"
"hl2\materials\models\effects\dx7portalrift.vtf"
"hl2\materials\models\effects\fisheyelens_dudv.vtf"
"hl2\materials\models\effects\portalfunnel_sheet.vmt"
"hl2\materials\models\effects\portalrift_sheet.vmt"
"hl2\materials\models\effects\portalrift_sheet.vtf"
"hl2\materials\models\effects\portalrift_sheet_dx60.vmt"
"hl2\materials\models\effects\portal_camera_dudv.vtf"
"hl2\materials\models\effects\portal_camera_height.vtf"
"hl2\materials\models\effects\portal_camera_normal.vtf"
"hl2\materials\models\effects\portal_camera_tint.vtf"
"hl2\materials\models\effects\slimebubble_sheet.vmt"
"hl2\materials\models\effects\slimebubble_sheet.vtf"
"hl2\materials\models\effects\splode1_sheet.vmt"
"hl2\materials\models\effects\splodearc_sheet.vmt"
"hl2\materials\models\effects\splodecard1_sheet.vmt"
"hl2\materials\models\effects\splodecard2_sheet.vmt"
"hl2\materials\models\effects\splodecard3_sheet.vmt"
"hl2\materials\models\effects\splodeglass_sheet.vmt"
"hl2\materials\models\effects\splode_sheet.vmt"
"hl2\materials\nature\water_dx70.vmt"
"hl2\materials\nature\water_dx70_beneath.vmt"
"hl2\materials\nature\water_dx70_opaq.vmt"
"hl2\materials\overlays\gasoline01.vmt"
"hl2\materials\overlays\gasoline02.vtf"
"hl2\materials\overlays\macro01a.vtf"
"hl2\materials\overlays\macro01a_rev.vtf"
"hl2\materials\overlays\macro01b.vtf"
"hl2\materials\overlays\macro01b_rev.vtf"
"hl2\materials\overlays\macro01c.vtf"
"hl2\materials\overlays\puddle001a.vmt"
"hl2\materials\overlays\puddle001a.vtf"
"hl2\materials\overlays\puddle001a_m.vtf"
"hl2\materials\overlays\rockslide01a.vmt"
"hl2\materials\overlays\rockslide01a.vtf"
"hl2\materials\overlays\sandtrack02b.vmt"
"hl2\materials\overlays\sandtrack02b.vtf"
"hl2\materials\overlays\shorewave001a.vmt"
"hl2\materials\overlays\shorewave001a.vtf"
"hl2\materials\overlays\shorewave001b.vtf"
"hl2\materials\overlays\shorewave002a.vmt"
"hl2\materials\overlays\tideline01a.vmt"
"hl2\materials\overlays\tideline01a.vtf"
"hl2\materials\overlays\tideline01b.vmt"
"hl2\materials\overlays\tideline01b.vtf"
"hl2\materials\overlays\tideline01c.vmt"
"hl2\materials\overlays\tideline01c.vtf"
"hl2\materials\sprites\640_logo.vmt"
"hl2\materials\sprites\640_logo.vtf"
"hl2\materials\sprites\640_pain.vmt"
"hl2\materials\sprites\640_pain.vtf"
"hl2\materials\sprites\640_train.vmt"
"hl2\materials\sprites\640_train.vtf"
"hl2\materials\sprites\animglow01-.vtf"
"hl2\materials\sprites\animglow01.vmt"
"hl2\materials\sprites\autoaim_1a.vmt"
"hl2\materials\sprites\autoaim_1a.vtf"
"hl2\materials\sprites\autoaim_1b.vmt"
"hl2\materials\sprites\autoaim_1b.vtf"
"hl2\materials\sprites\bigspit.vmt"
"hl2\materials\sprites\bigspit.vtf"
"hl2\materials\sprites\blackbeam.vmt"
"hl2\materials\sprites\blackbeam.vtf"
"hl2\materials\sprites\blueshaft1.vmt"
"hl2\materials\sprites\blueshaft1.vtf"
"hl2\materials\sprites\crosshairs_tluc.vmt"
"hl2\materials\sprites\crosshair_h.vmt"
"hl2\materials\sprites\crosshair_h.vtf"
"hl2\materials\sprites\crosshair_v.vmt"
"hl2\materials\sprites\crosshair_v.vtf"
"hl2\materials\sprites\dot.vmt"
"hl2\materials\sprites\dot.vtf"
"hl2\materials\sprites\fire2.vmt"
"hl2\materials\sprites\fireburst\stmu0.vtf"
"hl2\materials\sprites\fireburst.vmt"
"hl2\materials\sprites\fire_floor_subrect.vmt"
"hl2\materials\sprites\flame01-.vtf"
"hl2\materials\sprites\flame01.vmt"
"hl2\materials\sprites\flame03-.vtf"
"hl2\materials\sprites\flame03.vmt"
"hl2\materials\sprites\flame04-.vtf"
"hl2\materials\sprites\flame04.vmt"
"hl2\materials\sprites\flames2\fire.vtf"
"hl2\materials\sprites\flatflame.vmt"
"hl2\materials\sprites\flatflame.vtf"
"hl2\materials\sprites\floorfire4_.vmt"
"hl2\materials\sprites\floorfire4_.vtf"
"hl2\materials\sprites\floorflame.vmt"
"hl2\materials\sprites\floorflame.vtf"
"hl2\materials\sprites\floorflame2-.vtf"
"hl2\materials\sprites\floorflame2.vmt"
"hl2\materials\sprites\flyingember.vmt"
"hl2\materials\sprites\flyingember.vtf"
"hl2\materials\sprites\glow04.vmt"
"hl2\materials\sprites\glow05.vmt"
"hl2\materials\sprites\glow05.vtf"
"hl2\materials\sprites\glow07.vmt"
"hl2\materials\sprites\glow07.vtf"
"hl2\materials\sprites\glow08.vmt"
"hl2\materials\sprites\glow08.vtf"
"hl2\materials\sprites\glow1_noz.vmt"
"hl2\materials\sprites\glow_test01.vmt"
"hl2\materials\sprites\glow_test01.vtf"
"hl2\materials\sprites\glow_test01b.vmt"
"hl2\materials\sprites\glow_test01b.vtf"
"hl2\materials\sprites\greenspit1.vmt"
"hl2\materials\sprites\greenspit1.vtf"
"hl2\materials\sprites\halo01.vmt"
"hl2\materials\sprites\halo01.vtf"
"hl2\materials\sprites\heatwave.vtf"
"hl2\materials\sprites\heatwavedx70.vmt"
"hl2\materials\sprites\heatwavedx70.vtf"
"hl2\materials\sprites\hud\320v_crosshair1.vmt"
"hl2\materials\sprites\hud\320v_crosshair1.vtf"
"hl2\materials\sprites\hud\320v_crosshair2.vmt"
"hl2\materials\sprites\hud\320v_crosshair2.vtf"
"hl2\materials\sprites\hud\800corner1.vmt"
"hl2\materials\sprites\hud\800corner1.vtf"
"hl2\materials\sprites\hud\800corner2.vmt"
"hl2\materials\sprites\hud\800corner2.vtf"
"hl2\materials\sprites\hud\800corner3.vmt"
"hl2\materials\sprites\hud\800corner3.vtf"
"hl2\materials\sprites\hud\800corner4.vmt"
"hl2\materials\sprites\hud\800corner4.vtf"
"hl2\materials\sprites\lamphalo.vmt"
"hl2\materials\sprites\lamphalo.vtf"
"hl2\materials\sprites\lamphalo1.vmt"
"hl2\materials\sprites\lamphalo1.vtf"
"hl2\materials\sprites\light_glow02_add.vmt"
"hl2\materials\sprites\muzzleflash2.vmt"
"hl2\materials\sprites\muzzleflash2.vtf"
"hl2\materials\sprites\muzzleflash3.vmt"
"hl2\materials\sprites\muzzleflash3.vtf"
"hl2\materials\sprites\obsolete.vmt"
"hl2\materials\sprites\obsolete.vtf"
"hl2\materials\sprites\old_aexplo.vmt"
"hl2\materials\sprites\old_aexplo.vtf"
"hl2\materials\sprites\old_cexplo.vmt"
"hl2\materials\sprites\old_cexplo.vtf"
"hl2\materials\sprites\old_richo2-.vtf"
"hl2\materials\sprites\old_richo2.vmt"
"hl2\materials\sprites\old_xfire.vmt"
"hl2\materials\sprites\old_xfire.vtf"
"hl2\materials\sprites\plasma1\plasma.vtf"
"hl2\materials\sprites\plasma1.vmt"
"hl2\materials\sprites\plasmahalo.vmt"
"hl2\materials\sprites\plasmahalo.vtf"
"hl2\materials\sprites\richo1.vmt"
"hl2\materials\sprites\rico1.vtf"
"hl2\materials\sprites\shellchrome.vmt"
"hl2\materials\sprites\shellchrome.vtf"
"hl2\materials\sprites\spotlight.vmt"
"hl2\materials\sprites\spotlight.vtf"
"hl2\materials\sprites\sprite_fire01.vmt"
"hl2\materials\sprites\sprite_fire01_.vtf"
"hl2\materials\sprites\tp_beam001.txt"
"hl2\materials\sprites\white.vmt"
"hl2\materials\sprites\white.vtf"
"hl2\materials\sprites\w_icons1.vmt"
"hl2\materials\sprites\w_icons1.vtf"
"hl2\materials\sprites\w_icons1b.vmt"
"hl2\materials\sprites\w_icons1b.vtf"
"hl2\materials\sprites\w_icons3.vmt"
"hl2\materials\sprites\w_icons3.vtf"
"hl2\materials\sprites\w_icons3b.vmt"
"hl2\materials\sprites\w_icons3b.vtf"
"hl2\materials\tools\toolscontrolclip.vmt"
"hl2\materials\tools\toolscontrolclip.vtf"
"hl2\materials\tools\toolsfog.vmt"
"hl2\materials\tools\toolsfog.vtf"
"hl2\materials\tools\toolsinvisibleladder.vmt"
"hl2\materials\tools\toolsinvisibleladder.vtf"
"hl2\materials\tools\toolsskyfog.vmt"
"hl2\materials\tools\toolsskyfog.vtf"
"hl2\materials\vgui\friends\icon_blocked.vmt"
"hl2\materials\vgui\friends\icon_blocked.vtf"
"hl2\materials\vgui\friends\icon_connecting.vmt"
"hl2\materials\vgui\friends\icon_connecting.vtf"
"hl2\materials\vgui\friends\icon_in-game.vmt"
"hl2\materials\vgui\friends\icon_in-game.vtf"
"hl2\materials\vgui\friends\icon_message.vmt"
"hl2\materials\vgui\friends\icon_message.vtf"
"hl2\materials\vgui\friends\icon_offline.vmt"
"hl2\materials\vgui\friends\icon_offline.vtf"
"hl2\materials\vgui\friends\icon_online.vmt"
"hl2\materials\vgui\friends\icon_online.vtf"
"hl2\materials\vgui\gamma.vmt"
"hl2\materials\vgui\gamma.vtf"
"hl2\materials\vgui\hud\800corner.vmt"
"hl2\materials\vgui\hud\800corner.vtf"
"hl2\materials\vgui\mouse.vmt"
"hl2\materials\vgui\mouse.vtf"
"hl2\materials\vgui\resource\game_menu.vmt"
"hl2\materials\vgui\resource\game_menu.vtf"
"hl2\materials\vgui\resource\game_menu_mouseover.vmt"
"hl2\materials\vgui\resource\game_menu_mouseover.vtf"
"hl2\materials\vgui\resource\icon_file.vmt"
"hl2\materials\vgui\resource\icon_file.vtf"
"hl2\materials\vgui\resource\icon_folder.vmt"
"hl2\materials\vgui\resource\icon_folder.vtf"
"hl2\materials\vgui\resource\icon_folderup.vmt"
"hl2\materials\vgui\resource\icon_folderup.vtf"
"hl2\materials\vgui\resource\icon_folder_selected.vmt"
"hl2\materials\vgui\resource\icon_folder_selected.vtf"
"hl2\materials\vgui\resource\icon_hlicon1.vmt"
"hl2\materials\vgui\resource\icon_hlicon1.vtf"
"hl2\materials\vgui\resource\icon_hlicon2.vmt"
"hl2\materials\vgui\resource\icon_hlicon2.vtf"
"hl2\materials\vgui\resource\icon_steam.vmt"
"hl2\materials\vgui\resource\icon_steam.vtf"
"hl2\materials\vgui\resource\icon_steam_disabled.vmt"
"hl2\materials\vgui\resource\icon_steam_disabled.vtf"
"hl2\materials\vgui\resource\logo_game.vmt"
"hl2\materials\vgui\resource\logo_game.vtf"
"hl2\materials\vgui\resource\menu_hl_no_icon.vmt"
"hl2\materials\vgui\resource\menu_hl_no_icon.vtf"
"hl2\materials\vgui\resource\menu_hl_with_icon.vmt"
"hl2\materials\vgui\resource\menu_hl_with_icon.vtf"
"hl2\materials\vgui\resource\menu_steam_no_icon.vmt"
"hl2\materials\vgui\resource\menu_steam_no_icon.vtf"
"hl2\materials\vgui\resource\menu_steam_with_icon.vmt"
"hl2\materials\vgui\resource\menu_steam_with_icon.vtf"
"hl2\materials\vgui\resource\mic_meter_dead.vmt"
"hl2\materials\vgui\resource\mic_meter_dead.vtf"
"hl2\materials\vgui\resource\mic_meter_live.vmt"
"hl2\materials\vgui\resource\mic_meter_live.vtf"
"hl2\materials\vgui\resource\steam_menu.vmt"
"hl2\materials\vgui\resource\steam_menu.vtf"
"hl2\materials\vgui\resource\steam_menu_mouseover.vmt"
"hl2\materials\vgui\resource\steam_menu_mouseover.vtf"
"hl2\materials\vgui\screens\vgui_bg.vmt"
"hl2\materials\vgui\screens\vgui_bg.vtf"
"hl2\materials\vgui\screens\vgui_button_disabled.vmt"
"hl2\materials\vgui\screens\vgui_button_disabled.vtf"
"hl2\materials\vgui\screens\vgui_button_enabled.vmt"
"hl2\materials\vgui\screens\vgui_button_enabled.vtf"
"hl2\materials\vgui\screens\vgui_button_hover.vmt"
"hl2\materials\vgui\screens\vgui_button_hover.vtf"
"hl2\materials\vgui\screens\vgui_button_pushed.vmt"
"hl2\materials\vgui\screens\vgui_button_pushed.vtf"
"hl2\materials\vgui\screens\vgui_overlay.vmt"
"hl2\materials\vgui\screens\vgui_overlay.vtf"
"hl2\materials\vgui\servers\icon_bots.vmt"
"hl2\materials\vgui\servers\icon_bots.vtf"
"hl2\materials\vgui\servers\icon_bots_column.vmt"
"hl2\materials\vgui\servers\icon_bots_column.vtf"
"hl2\materials\vgui\servers\icon_password.vmt"
"hl2\materials\vgui\servers\icon_password.vtf"
"hl2\materials\vgui\servers\icon_password_column.vmt"
"hl2\materials\vgui\servers\icon_password_column.vtf"
"hl2\materials\vgui\servers\icon_robotron.vmt"
"hl2\materials\vgui\servers\icon_robotron.vtf"
"hl2\materials\vgui\servers\icon_robotron_column.vmt"
"hl2\materials\vgui\servers\icon_robotron_column.vtf"
"hl2\materials\vgui\timer.vmt"
"hl2\materials\vgui\timer.vtf"
"hl2\materials\vgui\white.vtf"
"hl2\materials\vgui\white_additive.vtf"
"hl2\materials\voice\headlabel.vmt"
"hl2\materials\voice\icntlk_local.vmt"
"hl2\materials\voice\icntlk_sv.vmt"
"hl2\materials\voice\icntlk_sv.vtf"
"hl2\materials\voice\speaker4.vmt"
"hl2\materials\voice\speaker4.vtf"
"hl2\sound\common\bugreporter_succeeded.wav"
"hl2\sound\ui\buttonclick.wav"
"hl2\sound\ui\buttonclickrelease.wav"
"hl2\sound\ui\buttonrollover.wav"

