reslists
cstrike\reslists
cstrike\resource\cstrike_french.txt
cstrike\resource\cstrike_german.txt
cstrike\resource\cstrike_italian.txt
cstrike\resource\cstrike_japanese.txt
cstrike\resource\cstrike_korean.txt
cstrike\resource\cstrike_koreana.txt
cstrike\resource\cstrike_russian.txt
cstrike\resource\cstrike_schinese.txt
cstrike\resource\cstrike_spanish.txt
cstrike\resource\cstrike_tchinese.txt
cstrike\resource\cstrike_thai.txt
cstrike\resource\gameui_
cstrike\autobuy.txt
cstrike\rebuy.txt
cstrike\classes
cstrike\cfg\user_default.scr
cstrike\cfg\config_default.cfg
cstrike\cfg\settings_default.scr
cstrike\cfg\ai.cfg
cstrike\maps\de_dust.txt
cstrike\resource\ui
cstrike\resource\overviews
hl2\resource\ui
cstrike\media
cstrike\maps\test_speakers.bsp
cstrike\maps\test_hardware.bsp
cstrike\maps\soundcache\test_speakers.cache
cstrike\maps\soundcache\test_hardware.cache
cstrike\resource\closecaption_english.txt
cstrike\resource\benchmarkdialog.res
cstrike\resource\benchmarkresultsdialog.res
cstrike\maps\graphs\test_speakers.ain
cstrike\resource\cstrike_english.txt
*.vtf
*.sw.vtx
*.jpg
*.dx80.vtx
cstrike\maps\soundcache\*.cache
cstrike\materials\vgui\gfx\vgui\round_corner_sw.vmt
hl2\sound\player\pl_swim1.wav
hl2\sound\player\pl_swim3.wav
cstrike\resource\optionssubkeyboard.res
cstrike\resource\demoplayerdialog.res
cstrike\resource\csd.ttf
cstrike\resource\multiplayercustomizedialog.res
cstrike\resource\demosmootherpanel.res
cstrike\resource\multiplayeradvanceddialog.res
cstrike\resource\mic_meter_live.tga
cstrike\resource\demoeditdialog.res
cstrike\resource\baseactionplaybackratedialog.res
cstrike\resource\demoplayerfiledialog.res
cstrike\resource\demouipanel.res
cstrike\resource\enginevguilayout.res
cstrike\resource\spectatormenu.res
cstrike\resource\steampassworddialog.res
cstrike\resource\baseactionpausedialog.res
cstrike\resource\dialogoptionsingame.res
cstrike\resource\game_menu.tga
cstrike\resource\savegamedialog.res
cstrike\resource\createmultiplayergameserverpage.res
cstrike\resource\optionssubadvanced.res
cstrike\resource\spectatormodes.res
cstrike\resource\loadingdialognobanner.res
cstrike\resource\newgamedialog.res
cstrike\resource\loadingdialog.res
cstrike\resource\gameui_english.txt
cstrike\resource\cs.ttf
cstrike\resource\buguipanel.res
cstrike\resource\mic_meter_dead.tga
cstrike\resource\baseactionzoomdialog.res
cstrike\resource\bugreporter.res
cstrike\resource\playerlistdialog.res
cstrike\resource\contentcontroldialog.res
cstrike\resource\cstrike.ttf
cstrike\resource\baseactionplaycommandsdialog.res
cstrike\resource\baseactiontextmessagestartdialog.res
cstrike\resource\createmultiplayergamegameplaypage.res
cstrike\resource\gamemenu.res
cstrike\resource\english.txt
cstrike\resource\clientscheme.res
cstrike\resource\baseactionstopplaybackdialog.res
cstrike\resource\objectcontrolpanelscheme.res
cstrike\resource\c4panel.res
cstrike\resource\loadingdialogerror.res
cstrike\resource\optionssubvideo.res
cstrike\resource\baseactioncdtrackstartdialog.res
cstrike\resource\optionssubmouse.res
cstrike\resource\baseactionscreenfadestartdialog.res
cstrike\resource\demoeditorpanel.res
cstrike\resource\trackerscheme.res
cstrike\resource\baseactionskipaheaddialog.res
cstrike\resource\fake_microphone_meter.tga
cstrike\resource\pdacontrolpanelscheme.res
cstrike\resource\game.ico
cstrike\resource\optionssubmultiplayer.res
cstrike\resource\buguipanel_public.res
cstrike\resource\baseactionplaysoundstartdialog.res
cstrike\resource\cslogo.ttf
cstrike\resource\loadgamedialog.res
cstrike\resource\demoeventsdialog.res
cstrike\resource\game_menu_mouseover.tga
cstrike\resource\optionssubvoice.res
cstrike\resource\commandmenu.res
cstrike\resource\optionssubaudio.res
hl2\resource\optionssubmouse.res
