"cstrike\cfg\ai.cfg"
"cstrike\cfg\config_default.cfg"
"cstrike\cfg\game.cfg"
"cstrike\cfg\settings_default.scr"
"cstrike\cfg\skill1.cfg"
"cstrike\cfg\user_default.scr"
"cstrike\cfg\valve.rc"
"cstrike\classes\ak47.res"
"cstrike\classes\arctic.res"
"cstrike\classes\aug.res"
"cstrike\classes\autoselect_ct.res"
"cstrike\classes\autoselect_t.res"
"cstrike\classes\awp.res"
"cstrike\classes\cancelbutton.res"
"cstrike\classes\default.res"
"cstrike\classes\defuser.res"
"cstrike\classes\deserteagle.res"
"cstrike\classes\elites.res"
"cstrike\classes\equipment.res"
"cstrike\classes\famas.res"
"cstrike\classes\fiveseven.res"
"cstrike\classes\flashbang.res"
"cstrike\classes\g3sg1.res"
"cstrike\classes\galil.res"
"cstrike\classes\gign.res"
"cstrike\classes\glock18.res"
"cstrike\classes\gsg9.res"
"cstrike\classes\guerilla.res"
"cstrike\classes\hegrenade.res"
"cstrike\classes\kevlar.res"
"cstrike\classes\kevlar_helmet.res"
"cstrike\classes\leet.res"
"cstrike\classes\m249.res"
"cstrike\classes\m3.res"
"cstrike\classes\m4a1.res"
"cstrike\classes\mac10.res"
"cstrike\classes\machineguns.res"
"cstrike\classes\mp5.res"
"cstrike\classes\nightvision.res"
"cstrike\classes\not_available.res"
"cstrike\classes\p228.res"
"cstrike\classes\p90.res"
"cstrike\classes\pistols.res"
"cstrike\classes\primaryammo.res"
"cstrike\classes\rifles.res"
"cstrike\classes\sas.res"
"cstrike\classes\scout.res"
"cstrike\classes\secammo.res"
"cstrike\classes\sg550.res"
"cstrike\classes\sg552.res"
"cstrike\classes\shield.res"
"cstrike\classes\shotguns.res"
"cstrike\classes\smokegrenade.res"
"cstrike\classes\submachineguns.res"
"cstrike\classes\terror.res"
"cstrike\classes\tmp.res"
"cstrike\classes\ump45.res"
"cstrike\classes\urban.res"
"cstrike\classes\usp45.res"
"cstrike\classes\xm1014.res"
"cstrike\resource\baseactioncdtrackstartdialog.res"
"cstrike\resource\baseactionpausedialog.res"
"cstrike\resource\baseactionplaybackratedialog.res"
"cstrike\resource\baseactionplaycommandsdialog.res"
"cstrike\resource\baseactionplaysoundstartdialog.res"
"cstrike\resource\baseactionscreenfadestartdialog.res"
"cstrike\resource\baseactionskipaheaddialog.res"
"cstrike\resource\baseactionstopplaybackdialog.res"
"cstrike\resource\baseactiontextmessagestartdialog.res"
"cstrike\resource\baseactionzoomdialog.res"
"cstrike\resource\benchmarkdialog.res"
"cstrike\resource\benchmarkresultsdialog.res"
"cstrike\resource\bugreporter.res"
"cstrike\resource\bugreporteruploadfinished.res"
"cstrike\resource\bugreporteruploadprogress.res"
"cstrike\resource\buguipanel.res"
"cstrike\resource\buguipanel_public.res"
"cstrike\resource\c4panel.res"
"cstrike\resource\clientscheme.res"
"cstrike\resource\commandmenu.res"
"cstrike\resource\contentcontroldialog.res"
"cstrike\resource\createmultiplayergamegameplaypage.res"
"cstrike\resource\createmultiplayergameserverpage.res"
"cstrike\resource\cs.ttf"
"cstrike\resource\csd.ttf"
"cstrike\resource\cslogo.ttf"
"cstrike\resource\cstrike.ttf"
"cstrike\resource\cstrikeevents.res"
"cstrike\resource\cstrike_english.txt"
"cstrike\resource\cstrike_french.txt"
"cstrike\resource\cstrike_german.txt"
"cstrike\resource\cstrike_italian.txt"
"cstrike\resource\cstrike_japanese.txt"
"cstrike\resource\cstrike_korean.txt"
"cstrike\resource\cstrike_koreana.txt"
"cstrike\resource\cstrike_russian.txt"
"cstrike\resource\cstrike_schinese.txt"
"cstrike\resource\cstrike_spanish.txt"
"cstrike\resource\cstrike_tchinese.txt"
"cstrike\resource\cstrike_thai.txt"
"cstrike\resource\demoeditdialog.res"
"cstrike\resource\demoeditorpanel.res"
"cstrike\resource\demoeventsdialog.res"
"cstrike\resource\demoplayerdialog.res"
"cstrike\resource\demoplayerfiledialog.res"
"cstrike\resource\demosmootherpanel.res"
"cstrike\resource\demouipanel.res"
"cstrike\resource\dialogoptionsingame.res"
"cstrike\resource\enginevguilayout.res"
"cstrike\resource\fake_microphone_meter.tga"
"cstrike\resource\game.ico"
"cstrike\resource\gamemenu.res"
"cstrike\resource\gameui_english.txt"
"cstrike\resource\gameui_french.txt"
"cstrike\resource\gameui_german.txt"
"cstrike\resource\gameui_italian.txt"
"cstrike\resource\gameui_japanese.txt"
"cstrike\resource\gameui_korean.txt"
"cstrike\resource\gameui_koreana.txt"
"cstrike\resource\gameui_russian.txt"
"cstrike\resource\gameui_schinese.txt"
"cstrike\resource\gameui_spanish.txt"
"cstrike\resource\gameui_tchinese.txt"
"cstrike\resource\gameui_thai.txt"
"cstrike\resource\game_menu.tga"
"cstrike\resource\game_menu_mouseover.tga"
"cstrike\resource\loadgamedialog.res"
"cstrike\resource\loadingdialog.res"
"cstrike\resource\loadingdialogerror.res"
"cstrike\resource\loadingdialognobanner.res"
"cstrike\resource\mic_meter_dead.tga"
"cstrike\resource\mic_meter_live.tga"
"cstrike\resource\multiplayeradvanceddialog.res"
"cstrike\resource\multiplayercustomizedialog.res"
"cstrike\resource\newgamedialog.res"
"cstrike\resource\objectcontrolpanelscheme.res"
"cstrike\resource\optionssubadvanced.res"
"cstrike\resource\optionssubaudio.res"
"cstrike\resource\optionssubkeyboard.res"
"cstrike\resource\optionssubmouse.res"
"cstrike\resource\optionssubmultiplayer.res"
"cstrike\resource\optionssubvideo.res"
"cstrike\resource\optionssubvoice.res"
"cstrike\resource\overviews\cs_havana.txt"
"cstrike\resource\overviews\cs_italy.txt"
"cstrike\resource\overviews\devtest.txt"
"cstrike\resource\overviews\de_aztec.txt"
"cstrike\resource\overviews\de_cbble.txt"
"cstrike\resource\overviews\de_chateau.txt"
"cstrike\resource\overviews\de_dust.txt"
"cstrike\resource\overviews\de_dust2.txt"
"cstrike\resource\overviews\de_piranesi.txt"
"cstrike\resource\overviews\fy_rockworld.txt"
"cstrike\resource\pdacontrolpanelscheme.res"
"cstrike\resource\playerlistdialog.res"
"cstrike\resource\savegamedialog.res"
"cstrike\resource\spectatormenu.res"
"cstrike\resource\spectatormodes.res"
"cstrike\resource\steampassworddialog.res"
"cstrike\resource\trackerscheme.res"
"cstrike\resource\ui\bottomspectator.res"
"cstrike\resource\ui\buyequipment_ct.res"
"cstrike\resource\ui\buyequipment_ter.res"
"cstrike\resource\ui\buymachineguns.res"
"cstrike\resource\ui\buymenu.res"
"cstrike\resource\ui\buymenu_ct.res"
"cstrike\resource\ui\buymenu_ter.res"
"cstrike\resource\ui\buypistols_ct.res"
"cstrike\resource\ui\buypistols_ter.res"
"cstrike\resource\ui\buyrifles_ct.res"
"cstrike\resource\ui\buyrifles_ter.res"
"cstrike\resource\ui\buyshotguns.res"
"cstrike\resource\ui\buysubmachineguns_ct.res"
"cstrike\resource\ui\buysubmachineguns_ter.res"
"cstrike\resource\ui\classmenu.res"
"cstrike\resource\ui\classmenu_ct.res"
"cstrike\resource\ui\classmenu_ter.res"
"cstrike\resource\ui\diagonal.tga"
"cstrike\resource\ui\mainbuymenu.res"
"cstrike\resource\ui\motd.res"
"cstrike\resource\ui\scoreboard.res"
"cstrike\resource\ui\spectator.res"
"cstrike\resource\ui\teammenu.res"
"cstrike\resource\ui\textwindow.res"
"cstrike\bin\client.pdb"
"cstrike\bin\server.pdb"
"cstrike\build.log"
"cstrike\maps\devtest.bsp"
"cstrike\maps\soundcache\devtest.manifest"
"cstrike\materials\cs_havana\+a~generic65.vmt"
"cstrike\materials\cs_havana\+a~generic65.vtf"
"cstrike\materials\cs_havana\acog.vmt"
"cstrike\materials\cs_havana\acog.vtf"
"cstrike\materials\cs_havana\ammobox.vmt"
"cstrike\materials\cs_havana\ammobox.vtf"
"cstrike\materials\cs_havana\art_facemap.vmt"
"cstrike\materials\cs_havana\art_facemap.vtf"
"cstrike\materials\cs_havana\awning002a.vmt"
"cstrike\materials\cs_havana\awning002a.vtf"
"cstrike\materials\cs_havana\awning01.vmt"
"cstrike\materials\cs_havana\awning01.vtf"
"cstrike\materials\cs_havana\barrel.vmt"
"cstrike\materials\cs_havana\barrel.vtf"
"cstrike\materials\cs_havana\barrel_basic.vmt"
"cstrike\materials\cs_havana\barrel_basic.vtf"
"cstrike\materials\cs_havana\barrel_bio.vmt"
"cstrike\materials\cs_havana\barrel_bio.vtf"
"cstrike\materials\cs_havana\barrel_bio01.vmt"
"cstrike\materials\cs_havana\barrel_bio01.vtf"
"cstrike\materials\cs_havana\barrel_bio02.vmt"
"cstrike\materials\cs_havana\barrel_bio02.vtf"
"cstrike\materials\cs_havana\barrel_bio03.vmt"
"cstrike\materials\cs_havana\barrel_bio03.vtf"
"cstrike\materials\cs_havana\barrel_exp.vmt"
"cstrike\materials\cs_havana\barrel_exp.vtf"
"cstrike\materials\cs_havana\barrel_exp01.vmt"
"cstrike\materials\cs_havana\barrel_exp01.vtf"
"cstrike\materials\cs_havana\barrel_exp02.vmt"
"cstrike\materials\cs_havana\barrel_exp02.vtf"
"cstrike\materials\cs_havana\barrel_exp03.vmt"
"cstrike\materials\cs_havana\barrel_exp03.vtf"
"cstrike\materials\cs_havana\barrel_mtl01.vmt"
"cstrike\materials\cs_havana\barrel_mtl01.vtf"
"cstrike\materials\cs_havana\barrel_mtl02.vmt"
"cstrike\materials\cs_havana\barrel_mtl02.vtf"
"cstrike\materials\cs_havana\base.vmt"
"cstrike\materials\cs_havana\base.vtf"
"cstrike\materials\cs_havana\basket01a.vmt"
"cstrike\materials\cs_havana\basket01a.vtf"
"cstrike\materials\cs_havana\blenddirtgrass009a.vmt"
"cstrike\materials\cs_havana\blendrockmoss002a.vmt"
"cstrike\materials\cs_havana\body.vmt"
"cstrike\materials\cs_havana\body.vtf"
"cstrike\materials\cs_havana\bookse.vtf"
"cstrike\materials\cs_havana\box01sides.vmt"
"cstrike\materials\cs_havana\box01sides.vtf"
"cstrike\materials\cs_havana\box01top.vmt"
"cstrike\materials\cs_havana\box01top.vtf"
"cstrike\materials\cs_havana\box02sides.vmt"
"cstrike\materials\cs_havana\box02sides.vtf"
"cstrike\materials\cs_havana\box02top.vmt"
"cstrike\materials\cs_havana\box02top.vtf"
"cstrike\materials\cs_havana\box03side.vmt"
"cstrike\materials\cs_havana\box03side.vtf"
"cstrike\materials\cs_havana\box03topside.vmt"
"cstrike\materials\cs_havana\box03topside.vtf"
"cstrike\materials\cs_havana\box04sides.vmt"
"cstrike\materials\cs_havana\box04sides.vtf"
"cstrike\materials\cs_havana\box04top.vmt"
"cstrike\materials\cs_havana\box04top.vtf"
"cstrike\materials\cs_havana\boxpaper01.vmt"
"cstrike\materials\cs_havana\boxpaper01.vtf"
"cstrike\materials\cs_havana\brickwall022a_height.vtf"
"cstrike\materials\cs_havana\bullet.vmt"
"cstrike\materials\cs_havana\bullet.vtf"
"cstrike\materials\cs_havana\buttstock.vmt"
"cstrike\materials\cs_havana\buttstock.vtf"
"cstrike\materials\cs_havana\carving01.vmt"
"cstrike\materials\cs_havana\carving01grm06tool.vtf"
"cstrike\materials\cs_havana\carving01tool.vtf"
"cstrike\materials\cs_havana\carving02.vmt"
"cstrike\materials\cs_havana\carving02.vtf"
"cstrike\materials\cs_havana\carving02grm06tool.vtf"
"cstrike\materials\cs_havana\carving02tool.vtf"
"cstrike\materials\cs_havana\carving03bgrm06tool.vtf"
"cstrike\materials\cs_havana\carving03btool.vtf"
"cstrike\materials\cs_havana\carving03grm06tool.vtf"
"cstrike\materials\cs_havana\carving03grm06_s50.vmt"
"cstrike\materials\cs_havana\carving03tool.vtf"
"cstrike\materials\cs_havana\carving04bgrm06tool.vtf"
"cstrike\materials\cs_havana\carving04btool.vtf"
"cstrike\materials\cs_havana\carving04grm06tool.vtf"
"cstrike\materials\cs_havana\carving04tool.vtf"
"cstrike\materials\cs_havana\carving05grm06tool.vtf"
"cstrike\materials\cs_havana\carving05tool.vtf"
"cstrike\materials\cs_havana\carving07tool.vtf"
"cstrike\materials\cs_havana\castle01a_spec.vtf"
"cstrike\materials\cs_havana\castle01b_spec.vtf"
"cstrike\materials\cs_havana\castle01c_spec.vtf"
"cstrike\materials\cs_havana\castle01d_spec.vtf"
"cstrike\materials\cs_havana\castle01e_spec.vtf"
"cstrike\materials\cs_havana\castle01_spec.vtf"
"cstrike\materials\cs_havana\cbase_front.vmt"
"cstrike\materials\cs_havana\cbase_front.vtf"
"cstrike\materials\cs_havana\ceiling01.vmt"
"cstrike\materials\cs_havana\ceiling01.vtf"
"cstrike\materials\cs_havana\ceiling02.vmt"
"cstrike\materials\cs_havana\ceiling02.vtf"
"cstrike\materials\cs_havana\claypot01a.vmt"
"cstrike\materials\cs_havana\claypot01a.vtf"
"cstrike\materials\cs_havana\claypot02a.vmt"
"cstrike\materials\cs_havana\claypot02a.vtf"
"cstrike\materials\cs_havana\clip.vmt"
"cstrike\materials\cs_havana\clip.vtf"
"cstrike\materials\cs_havana\cohrt.vmt"
"cstrike\materials\cs_havana\cohrt.vtf"
"cstrike\materials\cs_havana\computer2a.vmt"
"cstrike\materials\cs_havana\computer2a.vtf"
"cstrike\materials\cs_havana\computer2b.vmt"
"cstrike\materials\cs_havana\computer2b.vtf"
"cstrike\materials\cs_havana\concrete01.vmt"
"cstrike\materials\cs_havana\concrete01.vtf"
"cstrike\materials\cs_havana\concrete01a.vmt"
"cstrike\materials\cs_havana\concrete01a.vtf"
"cstrike\materials\cs_havana\concrete02.vmt"
"cstrike\materials\cs_havana\concrete02.vtf"
"cstrike\materials\cs_havana\concrete02a.vmt"
"cstrike\materials\cs_havana\concrete02a.vtf"
"cstrike\materials\cs_havana\concrete02b.vmt"
"cstrike\materials\cs_havana\concrete02b.vtf"
"cstrike\materials\cs_havana\concrete03.vmt"
"cstrike\materials\cs_havana\concrete03.vtf"
"cstrike\materials\cs_havana\concrete03a.vmt"
"cstrike\materials\cs_havana\concrete03a.vtf"
"cstrike\materials\cs_havana\concrete03b.vmt"
"cstrike\materials\cs_havana\concrete03b.vtf"
"cstrike\materials\cs_havana\concretefloor011a.vmt"
"cstrike\materials\cs_havana\concretefloor011a.vtf"
"cstrike\materials\cs_havana\cover.vmt"
"cstrike\materials\cs_havana\cover.vtf"
"cstrike\materials\cs_havana\crate_64x64e.vmt"
"cstrike\materials\cs_havana\crate_64x64e.vtf"
"cstrike\materials\cs_havana\crate_64x64f.vmt"
"cstrike\materials\cs_havana\crate_64x64f.vtf"
"cstrike\materials\cs_havana\crate_blocks.vmt"
"cstrike\materials\cs_havana\crate_blocks.vtf"
"cstrike\materials\cs_havana\cs_blue.vmt"
"cstrike\materials\cs_havana\cs_blue.vtf"
"cstrike\materials\cs_havana\cs_grey.vmt"
"cstrike\materials\cs_havana\cs_grey.vtf"
"cstrike\materials\cs_havana\cxcrptb.vmt"
"cstrike\materials\cs_havana\cxcrptb.vtf"
"cstrike\materials\cs_havana\darkwood.vtf"
"cstrike\materials\cs_havana\dirtfloor006a.vmt"
"cstrike\materials\cs_havana\dirtfloor009c.vmt"
"cstrike\materials\cs_havana\dirtfloor009c.vtf"
"cstrike\materials\cs_havana\dirtfloor01.vmt"
"cstrike\materials\cs_havana\dirtfloor01.vtf"
"cstrike\materials\cs_havana\dirtfloor012a.vmt"
"cstrike\materials\cs_havana\dirtfloor012a.vtf"
"cstrike\materials\cs_havana\dirtfloor02.vmt"
"cstrike\materials\cs_havana\dirtfloor02.vtf"
"cstrike\materials\cs_havana\dirtfloor_blend.vmt"
"cstrike\materials\cs_havana\dome_medium.vmt"
"cstrike\materials\cs_havana\dome_medium.vtf"
"cstrike\materials\cs_havana\doora_normal.vtf"
"cstrike\materials\cs_havana\doorb_normal.vtf"
"cstrike\materials\cs_havana\doorway01.vmt"
"cstrike\materials\cs_havana\doorway01tool.vtf"
"cstrike\materials\cs_havana\door_templea.vmt"
"cstrike\materials\cs_havana\door_templea.vtf"
"cstrike\materials\cs_havana\door_wide.vmt"
"cstrike\materials\cs_havana\door_wide.vtf"
"cstrike\materials\cs_havana\drkmtlt_bord11.vmt"
"cstrike\materials\cs_havana\drkmtlt_bord11.vtf"
"cstrike\materials\cs_havana\dt_brick.vtf"
"cstrike\materials\cs_havana\dt_conc.vtf"
"cstrike\materials\cs_havana\dt_ground1.vtf"
"cstrike\materials\cs_havana\dt_ground2.vtf"
"cstrike\materials\cs_havana\dt_ground3.vtf"
"cstrike\materials\cs_havana\dt_ground4.vtf"
"cstrike\materials\cs_havana\dt_ground5.vtf"
"cstrike\materials\cs_havana\dt_leather1.vtf"
"cstrike\materials\cs_havana\dt_rock1.vtf"
"cstrike\materials\cs_havana\dt_rough1.vtf"
"cstrike\materials\cs_havana\dt_smooth2.vtf"
"cstrike\materials\cs_havana\dt_snow.vtf"
"cstrike\materials\cs_havana\dt_snow1.vtf"
"cstrike\materials\cs_havana\dt_ssteel1.vtf"
"cstrike\materials\cs_havana\dt_stone4.vtf"
"cstrike\materials\cs_havana\dt_wood3.vtf"
"cstrike\materials\cs_havana\dusandwllwn.vmt"
"cstrike\materials\cs_havana\dusandwllwn.vtf"
"cstrike\materials\cs_havana\dusandwllwnr.vtf"
"cstrike\materials\cs_havana\dust-trimr1.vmt"
"cstrike\materials\cs_havana\dust-trimr1.vtf"
"cstrike\materials\cs_havana\dustteeth.vmt"
"cstrike\materials\cs_havana\ejector.vmt"
"cstrike\materials\cs_havana\ejector.vtf"
"cstrike\materials\cs_havana\entarch1_normal.vtf"
"cstrike\materials\cs_havana\entarch2_normal.vtf"
"cstrike\materials\cs_havana\eyeball_l.vmt"
"cstrike\materials\cs_havana\eyeball_l.vtf"
"cstrike\materials\cs_havana\eyeball_r.vmt"
"cstrike\materials\cs_havana\eyeball_r.vtf"
"cstrike\materials\cs_havana\fifties_dr4d.vmt"
"cstrike\materials\cs_havana\fifties_dr4d.vtf"
"cstrike\materials\cs_havana\fifties_dr4dr.vtf"
"cstrike\materials\cs_havana\filebox01end.vmt"
"cstrike\materials\cs_havana\filebox01end.vtf"
"cstrike\materials\cs_havana\filebox01file.vmt"
"cstrike\materials\cs_havana\filebox01file.vtf"
"cstrike\materials\cs_havana\filebox01side.vmt"
"cstrike\materials\cs_havana\filebox01side.vtf"
"cstrike\materials\cs_havana\filebox01top.vmt"
"cstrike\materials\cs_havana\filebox01top.vtf"
"cstrike\materials\cs_havana\filecabside01.vmt"
"cstrike\materials\cs_havana\filecabside01.vtf"
"cstrike\materials\cs_havana\filecabside02.vmt"
"cstrike\materials\cs_havana\filecabside02.vtf"
"cstrike\materials\cs_havana\filecabside03.vmt"
"cstrike\materials\cs_havana\filecabside03.vtf"
"cstrike\materials\cs_havana\filecabside04.vmt"
"cstrike\materials\cs_havana\filecabside04.vtf"
"cstrike\materials\cs_havana\filecabtop01.vmt"
"cstrike\materials\cs_havana\filecabtop01.vtf"
"cstrike\materials\cs_havana\flashbang.vmt"
"cstrike\materials\cs_havana\flashbang.vtf"
"cstrike\materials\cs_havana\flashbang_normal.vmt"
"cstrike\materials\cs_havana\flashbang_normal.vtf"
"cstrike\materials\cs_havana\flash_body.vmt"
"cstrike\materials\cs_havana\flash_body.vtf"
"cstrike\materials\cs_havana\flash_spoon.vmt"
"cstrike\materials\cs_havana\flash_spoon.vtf"
"cstrike\materials\cs_havana\flash_top.vmt"
"cstrike\materials\cs_havana\flash_top.vtf"
"cstrike\materials\cs_havana\floodlightbulb.vtf"
"cstrike\materials\cs_havana\floodlightbulb02.vmt"
"cstrike\materials\cs_havana\floodlightbulb02.vtf"
"cstrike\materials\cs_havana\floor01.vmt"
"cstrike\materials\cs_havana\floor01.vtf"
"cstrike\materials\cs_havana\floor02.vmt"
"cstrike\materials\cs_havana\floor02.vtf"
"cstrike\materials\cs_havana\floor03.vmt"
"cstrike\materials\cs_havana\floor03.vtf"
"cstrike\materials\cs_havana\floor04.vmt"
"cstrike\materials\cs_havana\floor04.vtf"
"cstrike\materials\cs_havana\floor05.vmt"
"cstrike\materials\cs_havana\floor05.vtf"
"cstrike\materials\cs_havana\forearm.vmt"
"cstrike\materials\cs_havana\forearm.vtf"
"cstrike\materials\cs_havana\fraggrenade.vmt"
"cstrike\materials\cs_havana\fraggrenade.vtf"
"cstrike\materials\cs_havana\fraggrenade_height.vtf"
"cstrike\materials\cs_havana\fraggrenade_normal.vmt"
"cstrike\materials\cs_havana\fraggrenade_normal.vtf"
"cstrike\materials\cs_havana\fruit1.vmt"
"cstrike\materials\cs_havana\fruit1.vtf"
"cstrike\materials\cs_havana\fruit2.vmt"
"cstrike\materials\cs_havana\fruit2.vtf"
"cstrike\materials\cs_havana\fruit5.vmt"
"cstrike\materials\cs_havana\fruit5.vtf"
"cstrike\materials\cs_havana\fs1.vmt"
"cstrike\materials\cs_havana\fs1.vtf"
"cstrike\materials\cs_havana\fs2.vmt"
"cstrike\materials\cs_havana\fs2.vtf"
"cstrike\materials\cs_havana\furniturewooddrawers001b.vmt"
"cstrike\materials\cs_havana\furniturewooddrawers001b.vtf"
"cstrike\materials\cs_havana\furniturewooddresser001b.vmt"
"cstrike\materials\cs_havana\furniturewooddresser001b.vtf"
"cstrike\materials\cs_havana\fy_rockworld.vmt"
"cstrike\materials\cs_havana\fy_rockworld.vtf"
"cstrike\materials\cs_havana\gen02.vmt"
"cstrike\materials\cs_havana\gen02.vtf"
"cstrike\materials\cs_havana\gen02_ref.vtf"
"cstrike\materials\cs_havana\gen04.vmt"
"cstrike\materials\cs_havana\gen04.vtf"
"cstrike\materials\cs_havana\gen05.vmt"
"cstrike\materials\cs_havana\gen05.vtf"
"cstrike\materials\cs_havana\gen06.vmt"
"cstrike\materials\cs_havana\gen06.vtf"
"cstrike\materials\cs_havana\gen10.vmt"
"cstrike\materials\cs_havana\gen10.vtf"
"cstrike\materials\cs_havana\gen10_ref.vtf"
"cstrike\materials\cs_havana\gen11.vmt"
"cstrike\materials\cs_havana\gen11.vtf"
"cstrike\materials\cs_havana\gen13.vmt"
"cstrike\materials\cs_havana\gen13.vtf"
"cstrike\materials\cs_havana\gen13_ref.vtf"
"cstrike\materials\cs_havana\gen14.vmt"
"cstrike\materials\cs_havana\gen14.vtf"
"cstrike\materials\cs_havana\gen14_ref.vtf"
"cstrike\materials\cs_havana\generic007.vmt"
"cstrike\materials\cs_havana\generic007.vtf"
"cstrike\materials\cs_havana\generic49.vmt"
"cstrike\materials\cs_havana\generic49.vtf"
"cstrike\materials\cs_havana\glass2.vmt"
"cstrike\materials\cs_havana\glass2.vtf"
"cstrike\materials\cs_havana\glassblue2s.vmt"
"cstrike\materials\cs_havana\glassblue2s.vtf"
"cstrike\materials\cs_havana\glassesfrontmask_walter.vtf"
"cstrike\materials\cs_havana\glassesfront_walter.vmt"
"cstrike\materials\cs_havana\glassesfront_walter.vtf"
"cstrike\materials\cs_havana\glassessidemask_walter.vtf"
"cstrike\materials\cs_havana\glassesside_walter.vmt"
"cstrike\materials\cs_havana\glassesside_walter.vtf"
"cstrike\materials\cs_havana\glassfluorescentlighton01.vmt"
"cstrike\materials\cs_havana\glassfluorescentlighton01.vtf"
"cstrike\materials\cs_havana\glassfluorescentlightplex01.vmt"
"cstrike\materials\cs_havana\glassfluorescentlightplex01.vtf"
"cstrike\materials\cs_havana\glasslens.vtf"
"cstrike\materials\cs_havana\glass_envmask.vtf"
"cstrike\materials\cs_havana\glint.vmt"
"cstrike\materials\cs_havana\glint.vtf"
"cstrike\materials\cs_havana\glow.vmt"
"cstrike\materials\cs_havana\glow.vtf"
"cstrike\materials\cs_havana\grass01.vmt"
"cstrike\materials\cs_havana\grass01.vtf"
"cstrike\materials\cs_havana\greenbk.vmt"
"cstrike\materials\cs_havana\greenbk.vtf"
"cstrike\materials\cs_havana\greendn.vmt"
"cstrike\materials\cs_havana\greendn.vtf"
"cstrike\materials\cs_havana\greenft.vmt"
"cstrike\materials\cs_havana\greenft.vtf"
"cstrike\materials\cs_havana\greenlf.vmt"
"cstrike\materials\cs_havana\greenlf.vtf"
"cstrike\materials\cs_havana\greenrt.vmt"
"cstrike\materials\cs_havana\greenrt.vtf"
"cstrike\materials\cs_havana\greenup.vmt"
"cstrike\materials\cs_havana\greenup.vtf"
"cstrike\materials\cs_havana\ground01dirt.vmt"
"cstrike\materials\cs_havana\ground01grass.vmt"
"cstrike\materials\cs_havana\ground01_blendtool.vtf"
"cstrike\materials\cs_havana\handle-1.vmt"
"cstrike\materials\cs_havana\handle-1.vtf"
"cstrike\materials\cs_havana\handle.vmt"
"cstrike\materials\cs_havana\handle.vtf"
"cstrike\materials\cs_havana\handles.vmt"
"cstrike\materials\cs_havana\handles.vtf"
"cstrike\materials\cs_havana\hanging_rugsb.vmt"
"cstrike\materials\cs_havana\hanging_rugsb.vtf"
"cstrike\materials\cs_havana\he_body.vmt"
"cstrike\materials\cs_havana\he_body.vtf"
"cstrike\materials\cs_havana\he_spoon.vmt"
"cstrike\materials\cs_havana\he_spoon.vtf"
"cstrike\materials\cs_havana\he_top.vmt"
"cstrike\materials\cs_havana\he_top.vtf"
"cstrike\materials\cs_havana\htrim.vmt"
"cstrike\materials\cs_havana\htrim.vtf"
"cstrike\materials\cs_havana\industrialbellbottomoff01.vmt"
"cstrike\materials\cs_havana\industrialbellbottomoff01.vtf"
"cstrike\materials\cs_havana\industrialbellbottomoff02.vmt"
"cstrike\materials\cs_havana\industrialbellbottomoff02.vtf"
"cstrike\materials\cs_havana\industrialbellbottomon01.vmt"
"cstrike\materials\cs_havana\industrialbellbottomon01.vtf"
"cstrike\materials\cs_havana\industrialbelloff01.vmt"
"cstrike\materials\cs_havana\industrialbelloff01.vtf"
"cstrike\materials\cs_havana\industrialbellon01.vmt"
"cstrike\materials\cs_havana\industrialbellon01.vtf"
"cstrike\materials\cs_havana\interiortile02_spec.vtf"
"cstrike\materials\cs_havana\interiortile03_spec.vtf"
"cstrike\materials\cs_havana\it_logs.vmt"
"cstrike\materials\cs_havana\it_logs_normal.vtf"
"cstrike\materials\cs_havana\ivy.vmt"
"cstrike\materials\cs_havana\ivy.vtf"
"cstrike\materials\cs_havana\ivy06a.vmt"
"cstrike\materials\cs_havana\ivyb.vmt"
"cstrike\materials\cs_havana\ivyb.vtf"
"cstrike\materials\cs_havana\lamp.vmt"
"cstrike\materials\cs_havana\lamp.vtf"
"cstrike\materials\cs_havana\lamp_street-2a.vmt"
"cstrike\materials\cs_havana\lamp_street-2a.vtf"
"cstrike\materials\cs_havana\lamp_street-2b.vmt"
"cstrike\materials\cs_havana\lamp_street-2b.vtf"
"cstrike\materials\cs_havana\lightbarehousing01.vmt"
"cstrike\materials\cs_havana\lightbarehousing01.vtf"
"cstrike\materials\cs_havana\lightbareon01.vmt"
"cstrike\materials\cs_havana\lightbareon01.vtf"
"cstrike\materials\cs_havana\light_security_off.vtf"
"cstrike\materials\cs_havana\lobby_fixtures001a.vmt"
"cstrike\materials\cs_havana\lobby_fixtures001a.vtf"
"cstrike\materials\cs_havana\lobby_fixtures002a.vmt"
"cstrike\materials\cs_havana\lobby_fixtures002a.vtf"
"cstrike\materials\cs_havana\lowerbody.vmt"
"cstrike\materials\cs_havana\lowerbody.vtf"
"cstrike\materials\cs_havana\lowerrec.vmt"
"cstrike\materials\cs_havana\lowerrec.vtf"
"cstrike\materials\cs_havana\magazine.vmt"
"cstrike\materials\cs_havana\magazine.vtf"
"cstrike\materials\cs_havana\magazine_transp.vmt"
"cstrike\materials\cs_havana\magazine_transp.vtf"
"cstrike\materials\cs_havana\metal01.vmt"
"cstrike\materials\cs_havana\metal01.vtf"
"cstrike\materials\cs_havana\metal02.vmt"
"cstrike\materials\cs_havana\metal02.vtf"
"cstrike\materials\cs_havana\metalfence007a.vmt"
"cstrike\materials\cs_havana\metalfluorescentsides01.vmt"
"cstrike\materials\cs_havana\metalfluorescentsides01.vtf"
"cstrike\materials\cs_havana\metalgear001a.vmt"
"cstrike\materials\cs_havana\metalgear001a.vtf"
"cstrike\materials\cs_havana\metaltruss022c.vmt"
"cstrike\materials\cs_havana\metalwall085a.vmt"
"cstrike\materials\cs_havana\metal_wall04.vmt"
"cstrike\materials\cs_havana\metal_wall04.vtf"
"cstrike\materials\cs_havana\misc.vmt"
"cstrike\materials\cs_havana\misc.vtf"
"cstrike\materials\cs_havana\mkt_container1_normal.vtf"
"cstrike\materials\cs_havana\mkt_container2_normal.vtf"
"cstrike\materials\cs_havana\mkt_container3a_normal.vtf"
"cstrike\materials\cs_havana\mkt_container3b_normal.vtf"
"cstrike\materials\cs_havana\mkt_container3_normal.vtf"
"cstrike\materials\cs_havana\mkt_table1_normal.vtf"
"cstrike\materials\cs_havana\mkt_table2_normal.vtf"
"cstrike\materials\cs_havana\mkt_table3_normal.vtf"
"cstrike\materials\cs_havana\mouth.vmt"
"cstrike\materials\cs_havana\mouth.vtf"
"cstrike\materials\cs_havana\offcrateasd.vmt"
"cstrike\materials\cs_havana\offcrateasd.vtf"
"cstrike\materials\cs_havana\offcrateatp.vmt"
"cstrike\materials\cs_havana\offcrateatp.vtf"
"cstrike\materials\cs_havana\offflrc.vmt"
"cstrike\materials\cs_havana\offflrc.vtf"
"cstrike\materials\cs_havana\offpaintingc.vmt"
"cstrike\materials\cs_havana\offpaintingc.vtf"
"cstrike\materials\cs_havana\offpaintingc_ref.vtf"
"cstrike\materials\cs_havana\offpaintingm.vmt"
"cstrike\materials\cs_havana\offpaintingm.vtf"
"cstrike\materials\cs_havana\offpaintingm_ref.vtf"
"cstrike\materials\cs_havana\offpaintingn.vmt"
"cstrike\materials\cs_havana\offpaintingn.vtf"
"cstrike\materials\cs_havana\offpaintingn_ref.vtf"
"cstrike\materials\cs_havana\offroofa.vmt"
"cstrike\materials\cs_havana\offroofa.vtf"
"cstrike\materials\cs_havana\offtrima.vmt"
"cstrike\materials\cs_havana\offtrima.vtf"
"cstrike\materials\cs_havana\offwlla.vmt"
"cstrike\materials\cs_havana\offwlla.vtf"
"cstrike\materials\cs_havana\offwllatp.vmt"
"cstrike\materials\cs_havana\offwllatp.vtf"
"cstrike\materials\cs_havana\offwllbedge_height.vtf"
"cstrike\materials\cs_havana\offwllg_ref.vtf"
"cstrike\materials\cs_havana\painting1.vmt"
"cstrike\materials\cs_havana\painting1.vtf"
"cstrike\materials\cs_havana\painting11.vmt"
"cstrike\materials\cs_havana\painting11.vtf"
"cstrike\materials\cs_havana\painting3.vmt"
"cstrike\materials\cs_havana\painting3.vtf"
"cstrike\materials\cs_havana\painting7.vmt"
"cstrike\materials\cs_havana\painting7.vtf"
"cstrike\materials\cs_havana\painting8.vmt"
"cstrike\materials\cs_havana\painting8.vtf"
"cstrike\materials\cs_havana\palmbillboard.vmt"
"cstrike\materials\cs_havana\palmbillboard.vtf"
"cstrike\materials\cs_havana\palm_tree01.vmt"
"cstrike\materials\cs_havana\palm_tree01.vtf"
"cstrike\materials\cs_havana\paperpack01.vmt"
"cstrike\materials\cs_havana\paperpack01.vtf"
"cstrike\materials\cs_havana\picture5.vmt"
"cstrike\materials\cs_havana\picture5.vtf"
"cstrike\materials\cs_havana\pipemetal003a.vmt"
"cstrike\materials\cs_havana\pipemetal003a.vtf"
"cstrike\materials\cs_havana\pi_apc_normal.vmt"
"cstrike\materials\cs_havana\pi_boat_normal.vmt"
"cstrike\materials\cs_havana\pi_cobbles1_spec.vtf"
"cstrike\materials\cs_havana\pi_cobbles_height.vtf"
"cstrike\materials\cs_havana\pi_htrim32.vmt"
"cstrike\materials\cs_havana\pi_htrim32.vtf"
"cstrike\materials\cs_havana\planta.vmt"
"cstrike\materials\cs_havana\planta.vtf"
"cstrike\materials\cs_havana\plantb.vmt"
"cstrike\materials\cs_havana\plantb.vtf"
"cstrike\materials\cs_havana\plasterwall003g.vmt"
"cstrike\materials\cs_havana\plasterwall003g.vtf"
"cstrike\materials\cs_havana\plasterwall003h.vmt"
"cstrike\materials\cs_havana\plasterwall003h.vtf"
"cstrike\materials\cs_havana\plasterwall027c.vmt"
"cstrike\materials\cs_havana\plasterwall027c.vtf"
"cstrike\materials\cs_havana\plasterwall046a.vmt"
"cstrike\materials\cs_havana\plasterwall046a.vtf"
"cstrike\materials\cs_havana\plasterwall1_3.vmt"
"cstrike\materials\cs_havana\plasterwall1_3.vtf"
"cstrike\materials\cs_havana\plasterwallpaper004a.vmt"
"cstrike\materials\cs_havana\plasterwallpaper004a.vtf"
"cstrike\materials\cs_havana\plnt26l.vmt"
"cstrike\materials\cs_havana\plnt26l.vtf"
"cstrike\materials\cs_havana\poster01camp.vmt"
"cstrike\materials\cs_havana\poster01camp.vtf"
"cstrike\materials\cs_havana\poster01head.vmt"
"cstrike\materials\cs_havana\poster01head.vtf"
"cstrike\materials\cs_havana\poster01ping.vmt"
"cstrike\materials\cs_havana\poster01ping.vtf"
"cstrike\materials\cs_havana\poster01snip.vmt"
"cstrike\materials\cs_havana\poster01snip.vtf"
"cstrike\materials\cs_havana\poster01spam.vmt"
"cstrike\materials\cs_havana\poster01spam.vtf"
"cstrike\materials\cs_havana\predator.vmt"
"cstrike\materials\cs_havana\profile.vmt"
"cstrike\materials\cs_havana\profile.vtf"
"cstrike\materials\cs_havana\pupil_l.vmt"
"cstrike\materials\cs_havana\pupil_l.vtf"
"cstrike\materials\cs_havana\pupil_r.vmt"
"cstrike\materials\cs_havana\pupil_r.vtf"
"cstrike\materials\cs_havana\pwood1.vmt"
"cstrike\materials\cs_havana\pwood1.vtf"
"cstrike\materials\cs_havana\pwtrim1.vmt"
"cstrike\materials\cs_havana\pwtrim1.vtf"
"cstrike\materials\cs_havana\rail.vmt"
"cstrike\materials\cs_havana\rail.vtf"
"cstrike\materials\cs_havana\railing.vmt"
"cstrike\materials\cs_havana\railing.vtf"
"cstrike\materials\cs_havana\railing01a.vtf"
"cstrike\materials\cs_havana\rearsight.vmt"
"cstrike\materials\cs_havana\rearsight.vtf"
"cstrike\materials\cs_havana\rear_sight.vmt"
"cstrike\materials\cs_havana\rear_sight.vtf"
"cstrike\materials\cs_havana\receiver.vmt"
"cstrike\materials\cs_havana\receiver.vtf"
"cstrike\materials\cs_havana\restroomfem.vmt"
"cstrike\materials\cs_havana\restroomfem.vtf"
"cstrike\materials\cs_havana\restroommen.vmt"
"cstrike\materials\cs_havana\restroommen.vtf"
"cstrike\materials\cs_havana\restroomsign01.vmt"
"cstrike\materials\cs_havana\restroomsign01.vtf"
"cstrike\materials\cs_havana\road01b.vmt"
"cstrike\materials\cs_havana\road01b.vtf"
"cstrike\materials\cs_havana\road01b_normal.vtf"
"cstrike\materials\cs_havana\rockcliff01a.vmt"
"cstrike\materials\cs_havana\rockcliff02b.vtf"
"cstrike\materials\cs_havana\rockcliff02c.vtf"
"cstrike\materials\cs_havana\rockcliff03a.vmt"
"cstrike\materials\cs_havana\rockgranite01a.vmt"
"cstrike\materials\cs_havana\rockgranite01a.vtf"
"cstrike\materials\cs_havana\rockgranite02a.vmt"
"cstrike\materials\cs_havana\rockgranite02a.vtf"
"cstrike\materials\cs_havana\rockgranite03a.vmt"
"cstrike\materials\cs_havana\rockgranite03a.vtf"
"cstrike\materials\cs_havana\rockground03a.vmt"
"cstrike\materials\cs_havana\rockground03a.vtf"
"cstrike\materials\cs_havana\rockwall001a.vmt"
"cstrike\materials\cs_havana\rockwall001a.vtf"
"cstrike\materials\cs_havana\rockwall01.vmt"
"cstrike\materials\cs_havana\rockwall01.vtf"
"cstrike\materials\cs_havana\rockwall011d.vmt"
"cstrike\materials\cs_havana\rockwall011d_height.vtf"
"cstrike\materials\cs_havana\rockwall011f.vmt"
"cstrike\materials\cs_havana\rockwall012a.vmt"
"cstrike\materials\cs_havana\rockwall012a.vtf"
"cstrike\materials\cs_havana\rockwall012a_height.vtf"
"cstrike\materials\cs_havana\rockwall012a_normal.vtf"
"cstrike\materials\cs_havana\rock_wasteland01a.vmt"
"cstrike\materials\cs_havana\rock_wasteland01a.vtf"
"cstrike\materials\cs_havana\rug_display01.vmt"
"cstrike\materials\cs_havana\rug_display01.vtf"
"cstrike\materials\cs_havana\rust.vmt"
"cstrike\materials\cs_havana\rust.vtf"
"cstrike\materials\cs_havana\sand01.vmt"
"cstrike\materials\cs_havana\sand01.vtf"
"cstrike\materials\cs_havana\sandro_facemap.vmt"
"cstrike\materials\cs_havana\sandro_facemap.vtf"
"cstrike\materials\cs_havana\scope_clamps.vmt"
"cstrike\materials\cs_havana\scope_clamps.vtf"
"cstrike\materials\cs_havana\scope_hold.vmt"
"cstrike\materials\cs_havana\scope_hold.vtf"
"cstrike\materials\cs_havana\scope_knob.vmt"
"cstrike\materials\cs_havana\scope_knob.vtf"
"cstrike\materials\cs_havana\screen001.vtf"
"cstrike\materials\cs_havana\screen002.vtf"
"cstrike\materials\cs_havana\shell.vmt"
"cstrike\materials\cs_havana\shell.vtf"
"cstrike\materials\cs_havana\shelves_metal_ref1.vtf"
"cstrike\materials\cs_havana\shelves_metal_ref2.vtf"
"cstrike\materials\cs_havana\shelves_metal_ref3.vtf"
"cstrike\materials\cs_havana\smoke_body.vmt"
"cstrike\materials\cs_havana\smoke_body.vtf"
"cstrike\materials\cs_havana\smoke_spoon.vmt"
"cstrike\materials\cs_havana\smoke_spoon.vtf"
"cstrike\materials\cs_havana\smoke_top.vmt"
"cstrike\materials\cs_havana\smoke_top.vtf"
"cstrike\materials\cs_havana\snow01_tracks.vmt"
"cstrike\materials\cs_havana\sofa_chair.vtf"
"cstrike\materials\cs_havana\stair01grm01tool.vtf"
"cstrike\materials\cs_havana\stair01grm03tool.vtf"
"cstrike\materials\cs_havana\stair01sdgrm01tool.vtf"
"cstrike\materials\cs_havana\stair01sdgrm03tool.vtf"
"cstrike\materials\cs_havana\stair01tpgrm01tool.vtf"
"cstrike\materials\cs_havana\stair01tpgrm03tool.vtf"
"cstrike\materials\cs_havana\stairsfake01tool.vtf"
"cstrike\materials\cs_havana\stairtrim01grm01_s1.vmt"
"cstrike\materials\cs_havana\stairtrim01tool.vtf"
"cstrike\materials\cs_havana\stn01agrm01tool.vtf"
"cstrike\materials\cs_havana\stn01dgrm01tool.vtf"
"cstrike\materials\cs_havana\stn01fgrm01tool.vtf"
"cstrike\materials\cs_havana\stn01g1grm01tool.vtf"
"cstrike\materials\cs_havana\stn01ggrm01tool.vtf"
"cstrike\materials\cs_havana\stn01ggrm01_s1.vtf"
"cstrike\materials\cs_havana\stn01ggrm01_s1a.vmt"
"cstrike\materials\cs_havana\stn01ggrm01_s50.vtf"
"cstrike\materials\cs_havana\stn01ggrm01_s50a.vmt"
"cstrike\materials\cs_havana\stn01grm01tool.vtf"
"cstrike\materials\cs_havana\stn01grm01_s2.vtf"
"cstrike\materials\cs_havana\stn01grm01_s2a.vmt"
"cstrike\materials\cs_havana\stn01grm02tool.vtf"
"cstrike\materials\cs_havana\stn01grm03tool.vtf"
"cstrike\materials\cs_havana\stn01grm04tool.vtf"
"cstrike\materials\cs_havana\stn01grm05tool.vtf"
"cstrike\materials\cs_havana\stn01grm06tool.vtf"
"cstrike\materials\cs_havana\stn01mossagrm01tool.vtf"
"cstrike\materials\cs_havana\stn01mossbgrm01tool.vtf"
"cstrike\materials\cs_havana\stn01mosscgrm01tool.vtf"
"cstrike\materials\cs_havana\stn01mossgrm01tool.vtf"
"cstrike\materials\cs_havana\stonefloor003a_dudv.vtf"
"cstrike\materials\cs_havana\stonefloor003a_height.vtf"
"cstrike\materials\cs_havana\stonefloor007a.vmt"
"cstrike\materials\cs_havana\stonework01.vmt"
"cstrike\materials\cs_havana\stonework01a.vmt"
"cstrike\materials\cs_havana\stonework01g1.vmt"
"cstrike\materials\cs_havana\swampdirt01.vmt"
"cstrike\materials\cs_havana\swampground01a.vmt"
"cstrike\materials\cs_havana\swampground_blendtool.vtf"
"cstrike\materials\cs_havana\tilefloor011a_height.vtf"
"cstrike\materials\cs_havana\tnnl_lgtbrd2.vmt"
"cstrike\materials\cs_havana\tnnl_lgtbrd2.vtf"
"cstrike\materials\cs_havana\top.vmt"
"cstrike\materials\cs_havana\top.vtf"
"cstrike\materials\cs_havana\treebark01.vmt"
"cstrike\materials\cs_havana\treebark01.vtf"
"cstrike\materials\cs_havana\trrm_wood.vmt"
"cstrike\materials\cs_havana\trrm_wood.vtf"
"cstrike\materials\cs_havana\tunnelplaster01.vmt"
"cstrike\materials\cs_havana\tunnelplaster01.vtf"
"cstrike\materials\cs_havana\tunnelplaster01a.vmt"
"cstrike\materials\cs_havana\tunnelplaster01a.vtf"
"cstrike\materials\cs_havana\tunnelplaster01b.vmt"
"cstrike\materials\cs_havana\tunnelplaster01b.vtf"
"cstrike\materials\cs_havana\tunnelplaster02.vmt"
"cstrike\materials\cs_havana\tunnelplaster02.vtf"
"cstrike\materials\cs_havana\tunnelplaster02b.vmt"
"cstrike\materials\cs_havana\tunnelplaster02b.vtf"
"cstrike\materials\cs_havana\tunnelplaster02c.vmt"
"cstrike\materials\cs_havana\tunnelplaster02c.vtf"
"cstrike\materials\cs_havana\tunnelplaster02d.vmt"
"cstrike\materials\cs_havana\tunnelplaster02d.vtf"
"cstrike\materials\cs_havana\tunnelplaster02e.vmt"
"cstrike\materials\cs_havana\tunnelplaster02e.vtf"
"cstrike\materials\cs_havana\tunnelplaster02f.vmt"
"cstrike\materials\cs_havana\tunnelplaster02f.vtf"
"cstrike\materials\cs_havana\tunnelplaster03.vmt"
"cstrike\materials\cs_havana\tunnelplaster03.vtf"
"cstrike\materials\cs_havana\tunnelplaster03b.vmt"
"cstrike\materials\cs_havana\tunnelplaster03b.vtf"
"cstrike\materials\cs_havana\twig.vmt"
"cstrike\materials\cs_havana\twig.vtf"
"cstrike\materials\cs_havana\vance_facemap.vmt"
"cstrike\materials\cs_havana\vance_facemap.vtf"
"cstrike\materials\cs_havana\view_finger.vmt"
"cstrike\materials\cs_havana\view_finger.vtf"
"cstrike\materials\cs_havana\view_glove.vmt"
"cstrike\materials\cs_havana\view_glove.vtf"
"cstrike\materials\cs_havana\view_skin.vmt"
"cstrike\materials\cs_havana\view_skin.vtf"
"cstrike\materials\cs_havana\watline01.vmt"
"cstrike\materials\cs_havana\watline01tool.vtf"
"cstrike\materials\cs_havana\watline01_normal.vtf"
"cstrike\materials\cs_havana\white25_ref.vtf"
"cstrike\materials\cs_havana\white50_ref.vtf"
"cstrike\materials\cs_havana\white75_ref.vtf"
"cstrike\materials\cs_havana\whiteboard01.vmt"
"cstrike\materials\cs_havana\whiteboard01.vtf"
"cstrike\materials\cs_havana\whiteboard02.vmt"
"cstrike\materials\cs_havana\whiteboard02.vtf"
"cstrike\materials\cs_havana\whiteboard03.vmt"
"cstrike\materials\cs_havana\whiteboard03.vtf"
"cstrike\materials\cs_havana\window_2x6_arch_flat.vmt"
"cstrike\materials\cs_havana\window_2x6_arch_flat.vtf"
"cstrike\materials\cs_havana\window_6x8_cross.vmt"
"cstrike\materials\cs_havana\window_6x8_cross.vtf"
"cstrike\materials\cs_havana\window_ctspawn.vmt"
"cstrike\materials\cs_havana\window_ctspawn.vtf"
"cstrike\materials\cs_havana\window_rocky_hole.vmt"
"cstrike\materials\cs_havana\window_rocky_hole.vtf"
"cstrike\materials\cs_havana\window_urban_large.vmt"
"cstrike\materials\cs_havana\window_urban_large.vtf"
"cstrike\materials\cs_havana\winerack_large_normal.vtf"
"cstrike\materials\cs_havana\winerack_small_normal.vtf"
"cstrike\materials\cs_havana\wnda.vmt"
"cstrike\materials\cs_havana\wnda.vtf"
"cstrike\materials\cs_havana\wndd.vtf"
"cstrike\materials\cs_havana\wndf.vmt"
"cstrike\materials\cs_havana\wndf.vtf"
"cstrike\materials\cs_havana\wndl.vmt"
"cstrike\materials\cs_havana\wndl.vtf"
"cstrike\materials\cs_havana\wndl_mask.vtf"
"cstrike\materials\cs_havana\wndx2.vmt"
"cstrike\materials\cs_havana\wndx2.vtf"
"cstrike\materials\cs_havana\{2red_trellis02.vmt"
"cstrike\materials\cs_havana\{2red_trellis02.vtf"
"cstrike\materials\cs_havana\{blue.vmt"
"cstrike\materials\cs_havana\{blue.vtf"
"cstrike\materials\cs_havana\{cstrike_le6lad.vmt"
"cstrike\materials\cs_havana\{cstrike_le6lad.vtf"
"cstrike\materials\cs_havana\{cstrike_oe4ven.vmt"
"cstrike\materials\cs_havana\{cstrike_oe4ven.vtf"
"cstrike\materials\cs_havana\{hangingivy1.vmt"
"cstrike\materials\cs_havana\{hangingivy1.vtf"
"cstrike\materials\cs_havana\{hangingivy2.vmt"
"cstrike\materials\cs_havana\{hangingivy2.vtf"
"cstrike\materials\cs_havana\{hrpoint.vmt"
"cstrike\materials\cs_havana\{hrpoint.vtf"
"cstrike\materials\cs_havana\{invisible.vmt"
"cstrike\materials\cs_havana\{invisible.vtf"
"cstrike\materials\cs_havana\{k_rail01_hires.vmt"
"cstrike\materials\cs_havana\{k_rail01_hires.vtf"
"cstrike\materials\cs_havana\{k_rail01_lores.vmt"
"cstrike\materials\cs_havana\{k_rail01_lores.vtf"
"cstrike\materials\cs_havana\{ornategate.vmt"
"cstrike\materials\cs_havana\{ornategate.vtf"
"cstrike\materials\cs_havana\{pylon.vmt"
"cstrike\materials\cs_havana\{pylon.vtf"
"cstrike\materials\cs_havana\{tk_plantlg.vmt"
"cstrike\materials\cs_havana\{tk_plantlg.vtf"
"cstrike\materials\cs_havana\{tk_plantsm.vmt"
"cstrike\materials\cs_havana\{tk_plantsm.vtf"
"cstrike\materials\cs_havana\{tk_railing.vmt"
"cstrike\materials\cs_havana\{tk_railing.vtf"
"cstrike\materials\cs_havana\{tk_steeldoor.vmt"
"cstrike\materials\cs_havana\{tk_steeldoor.vtf"
"cstrike\materials\cs_havana\{tk_wwheel.vmt"
"cstrike\materials\cs_havana\{tk_wwheel.vtf"
"cstrike\materials\cs_italy\ptilefloor1.vmt"
"cstrike\materials\cs_italy\ptilefloor1.vtf"
"cstrike\materials\cs_italy\ptilefloor1_normal.vtf"
"cstrike\materials\glass\offwndwb_break.vmt"
"cstrike\materials\glass\offwndwb_break.vtf"
"cstrike\materials\liquids\water_chateau_dx70.vmt"
"cstrike\materials\liquids\water_dx70.vmt"
"cstrike\materials\liquids\water_dx70_beneath.vmt"
"cstrike\materials\liquids\water_dx70_opaq.vmt"
"cstrike\materials\models\hostages\glass2.vtf"
"cstrike\materials\models\hostages\glass_envmask.vtf"
"cstrike\materials\test_speakers\black.vmt"
"cstrike\materials\test_speakers\black.vtf"
"cstrike\materials\test_speakers\brickfdoorb.vmt"
"cstrike\materials\test_speakers\brickfdoorb.vtf"
"cstrike\materials\test_speakers\cuwoodm.vmt"
"cstrike\materials\test_speakers\cuwoodm.vtf"
"cstrike\materials\test_speakers\door_2.vmt"
"cstrike\materials\test_speakers\door_2.vtf"
"cstrike\materials\test_speakers\floor04.vmt"
"cstrike\materials\test_speakers\floor04.vtf"
"cstrike\materials\test_speakers\miwoodm.vmt"
"cstrike\materials\test_speakers\miwoodm.vtf"
"cstrike\models\characters\counterterrorist.dx80.vtx"
"cstrike\models\characters\counterterrorist.dx90.vtx"
"cstrike\models\characters\counterterrorist.mdl"
"cstrike\models\characters\counterterrorist.phy"
"cstrike\models\characters\counterterrorist.sw.vtx"
"cstrike\models\characters\counterterrorist.vvd"
"cstrike\models\characters\player_animations.ani"
"cstrike\models\characters\player_animations.mdl"
"cstrike\scripts\kb_act.lst"
"cstrike\scripts\kb_def.lst"
"cstrike\scripts\weapon_ak47.ctx"
"cstrike\scripts\weapon_aug.ctx"
"cstrike\scripts\weapon_awp.ctx"
"cstrike\scripts\weapon_c4.ctx"
"cstrike\scripts\weapon_deagle.ctx"
"cstrike\scripts\weapon_elite.ctx"
"cstrike\scripts\weapon_famas.ctx"
"cstrike\scripts\weapon_fiveseven.ctx"
"cstrike\scripts\weapon_flashbang.ctx"
"cstrike\scripts\weapon_g3sg1.ctx"
"cstrike\scripts\weapon_galil.ctx"
"cstrike\scripts\weapon_glock.ctx"
"cstrike\scripts\weapon_hegrenade.ctx"
"cstrike\scripts\weapon_knife.ctx"
"cstrike\scripts\weapon_m249.ctx"
"cstrike\scripts\weapon_m3.ctx"
"cstrike\scripts\weapon_m4a1.ctx"
"cstrike\scripts\weapon_mac10.ctx"
"cstrike\scripts\weapon_mp5navy.ctx"
"cstrike\scripts\weapon_p228.ctx"
"cstrike\scripts\weapon_p90.ctx"
"cstrike\scripts\weapon_scout.ctx"
"cstrike\scripts\weapon_sg550.ctx"
"cstrike\scripts\weapon_sg552.ctx"
"cstrike\scripts\weapon_smokegrenade.ctx"
"cstrike\scripts\weapon_tmp.ctx"
"cstrike\scripts\weapon_ump45.ctx"
"cstrike\scripts\weapon_usp.ctx"
"cstrike\scripts\weapon_xm1014.ctx"
