"cstrike\autobuy.txt"
"cstrike\bin\server.dll"
"cstrike\buildreslists.bat"
"cstrike\credits.txt"
"cstrike\custom_deletions.bat"
"cstrike\deletions.bat"
"cstrike\lights.rad"
"cstrike\log.txt"
"cstrike\mapcycle.txt"
"cstrike\maps\cs_havana.txt"
"cstrike\maps\cs_italy.txt"
"cstrike\maps\de_aztec.txt"
"cstrike\maps\de_cbble.txt"
"cstrike\maps\de_chateau.txt"
"cstrike\maps\de_dust.txt"
"cstrike\maps\de_dust2.txt"
"cstrike\maps\de_piranesi.txt"
"cstrike\maps\soundcache\cs_havana.cache"
"cstrike\maps\soundcache\cs_italy.cache"
"cstrike\maps\soundcache\cs_office.cache"
"cstrike\maps\soundcache\de_aztec.cache"
"cstrike\maps\soundcache\de_cbble.cache"
"cstrike\maps\soundcache\de_chateau.cache"
"cstrike\maps\soundcache\de_dust.cache"
"cstrike\maps\soundcache\de_dust2.cache"
"cstrike\maps\soundcache\de_piranesi.cache"
"cstrike\maps\soundcache\test_hardware.cache"
"cstrike\maps\soundcache\test_speakers.cache"
"cstrike\maps\soundcache\_other.cache"
"cstrike\maps\soundcache\_other_rebuild.cache"
"cstrike\maps\soundcache\_sharedprecache.cache"
"cstrike\materials\console\background01_widescreen.vmt"
"cstrike\materials\console\background01_widescreen.vtf"
"cstrike\materials\console\intro.vmt"
"cstrike\materials\console\intro.vtf"
"cstrike\materials\console\intro_widescreen.vmt"
"cstrike\materials\console\intro_widescreen.vtf"
"cstrike\materials\decals\decalgraffiti001a_cs.vmt"
"cstrike\materials\decals\decalgraffiti001a_cs.vtf"
"cstrike\materials\decals\decalgraffiti001c_cs.vmt"
"cstrike\materials\decals\decalgraffiti001c_cs.vtf"
"cstrike\materials\decals\decalgraffiti007a_cs.vmt"
"cstrike\materials\decals\decalgraffiti007a_cs.vtf"
"cstrike\materials\decals\decalgraffiti022a_cs.vmt"
"cstrike\materials\decals\decalgraffiti022a_cs.vtf"
"cstrike\materials\decals\decalgraffiti023a_cs.vmt"
"cstrike\materials\decals\decalgraffiti023a_cs.vtf"
"cstrike\materials\decals\decalgraffiti024a_cs.vmt"
"cstrike\materials\decals\decalgraffiti024a_cs.vtf"
"cstrike\materials\decals\decalgraffiti045a_cs.vmt"
"cstrike\materials\decals\decalgraffiti045a_cs.vtf"
"cstrike\materials\decals\decalgraffiti057a_cs.vmt"
"cstrike\materials\decals\decalgraffiti057a_cs.vtf"
"cstrike\materials\decals\decalgraffiti058a_cs.vmt"
"cstrike\materials\decals\decalgraffiti058a_cs.vtf"
"cstrike\materials\decals\decalpapers01.vmt"
"cstrike\materials\decals\decalpapers01.vtf"
"cstrike\materials\decals\decalpapers03.vmt"
"cstrike\materials\decals\decalpapers03.vtf"
"cstrike\materials\decals\decalpapers04.vmt"
"cstrike\materials\decals\decalpapers04.vtf"
"cstrike\materials\decals\diagram.vmt"
"cstrike\materials\decals\diagram.vtf"
"cstrike\materials\decals\handyparking_e.vmt"
"cstrike\materials\decals\handyparking_e.vtf"
"cstrike\materials\decals\handyparking_s.vmt"
"cstrike\materials\decals\handyparking_s.vtf"
"cstrike\materials\decals\holes16_01.vmt"
"cstrike\materials\decals\holes16_01.vtf"
"cstrike\materials\decals\holes32_01.vmt"
"cstrike\materials\decals\holes32_01.vtf"
"cstrike\materials\decals\holes32_02.vmt"
"cstrike\materials\decals\holes32_02.vtf"
"cstrike\materials\decals\holes32_03.vmt"
"cstrike\materials\decals\holes32_03.vtf"
"cstrike\materials\decals\holes32_04.vmt"
"cstrike\materials\decals\holes32_04.vtf"
"cstrike\materials\decals\holes32_05.vmt"
"cstrike\materials\decals\holes32_05.vtf"
"cstrike\materials\decals\holes32_06.vmt"
"cstrike\materials\decals\holes32_06.vtf"
"cstrike\materials\decals\metal\shot6.vmt"
"cstrike\materials\decals\metal\shot6.vtf"
"cstrike\materials\decals\metal\shot6_subrect.vmt"
"cstrike\materials\decals\metal\shot7.vmt"
"cstrike\materials\decals\metal\shot7.vtf"
"cstrike\materials\decals\metal\shot7_subrect.vmt"
"cstrike\materials\decals\offaddress.vmt"
"cstrike\materials\decals\offaddress.vtf"
"cstrike\materials\decals\offcertificatea.vmt"
"cstrike\materials\decals\offcertificatea.vtf"
"cstrike\materials\decals\offcorkboarda.vmt"
"cstrike\materials\decals\offcorkboarda.vtf"
"cstrike\materials\decals\offinspa.vmt"
"cstrike\materials\decals\offinspa.vtf"
"cstrike\materials\decals\offinspa_ref.vtf"
"cstrike\materials\decals\offinspb.vmt"
"cstrike\materials\decals\offinspb.vtf"
"cstrike\materials\decals\offinspb_ref.vtf"
"cstrike\materials\decals\offinspc.vmt"
"cstrike\materials\decals\offinspc.vtf"
"cstrike\materials\decals\offinspc_ref.vtf"
"cstrike\materials\decals\offinspd.vmt"
"cstrike\materials\decals\offinspd.vtf"
"cstrike\materials\decals\offinspd_ref.vtf"
"cstrike\materials\decals\offinspf.vmt"
"cstrike\materials\decals\offinspf.vtf"
"cstrike\materials\decals\offinspf_ref.vtf"
"cstrike\materials\decals\offpaintinga.vmt"
"cstrike\materials\decals\offpaintinga.vtf"
"cstrike\materials\decals\offpaintinga_ref.vtf"
"cstrike\materials\decals\offpaintingb.vmt"
"cstrike\materials\decals\offpaintingb.vtf"
"cstrike\materials\decals\offpaintingb_ref.vtf"
"cstrike\materials\decals\offpaintingc.vmt"
"cstrike\materials\decals\offpaintingc.vtf"
"cstrike\materials\decals\offpaintingc_ref.vtf"
"cstrike\materials\decals\offpaintingd.vmt"
"cstrike\materials\decals\offpaintingd.vtf"
"cstrike\materials\decals\offpaintingd_ref.vtf"
"cstrike\materials\decals\offpaintinge.vmt"
"cstrike\materials\decals\offpaintinge.vtf"
"cstrike\materials\decals\offpaintinge_ref.vtf"
"cstrike\materials\decals\offpaintingf.vmt"
"cstrike\materials\decals\offpaintingf.vtf"
"cstrike\materials\decals\offpaintingf_ref.vtf"
"cstrike\materials\decals\offpaintingg.vmt"
"cstrike\materials\decals\offpaintingg.vtf"
"cstrike\materials\decals\offpaintingg_ref.vtf"
"cstrike\materials\decals\offpaintingh.vmt"
"cstrike\materials\decals\offpaintingh.vtf"
"cstrike\materials\decals\offpaintingh_ref.vtf"
"cstrike\materials\decals\offpaintingi.vmt"
"cstrike\materials\decals\offpaintingi.vtf"
"cstrike\materials\decals\offpaintingi_ref.vtf"
"cstrike\materials\decals\offpaintingj.vmt"
"cstrike\materials\decals\offpaintingj.vtf"
"cstrike\materials\decals\offpaintingj_ref.vtf"
"cstrike\materials\decals\offpaintingk.vmt"
"cstrike\materials\decals\offpaintingk.vtf"
"cstrike\materials\decals\offpaintingk_ref.vtf"
"cstrike\materials\decals\offpaintingl.vmt"
"cstrike\materials\decals\offpaintingl.vtf"
"cstrike\materials\decals\offpaintingl_ref.vtf"
"cstrike\materials\decals\offpaintingm.vmt"
"cstrike\materials\decals\offpaintingm.vtf"
"cstrike\materials\decals\offpaintingm_ref.vtf"
"cstrike\materials\decals\offpaintingn.vmt"
"cstrike\materials\decals\offpaintingn.vtf"
"cstrike\materials\decals\offpaintingn_ref.vtf"
"cstrike\materials\decals\offpaintingo.vmt"
"cstrike\materials\decals\offpaintingo.vtf"
"cstrike\materials\decals\offpaintingo_ref.vtf"
"cstrike\materials\decals\parkinge.vmt"
"cstrike\materials\decals\parkinge.vtf"
"cstrike\materials\decals\sanddecal02.vmt"
"cstrike\materials\decals\sanddecal02.vtf"
"cstrike\materials\decals\slide.vmt"
"cstrike\materials\decals\{target2.vmt"
"cstrike\materials\decals\{target2.vtf"
"cstrike\materials\dev\dev_combinemonitor_b.vmt"
"cstrike\materials\dev\value10.vmt"
"cstrike\materials\dev\value10.vtf"
"cstrike\materials\dev\value20.vmt"
"cstrike\materials\dev\value20.vtf"
"cstrike\materials\dev\value40.vmt"
"cstrike\materials\dev\value40.vtf"
"cstrike\materials\dev\value50.vmt"
"cstrike\materials\dev\value50.vtf"
"cstrike\materials\dev\value70.vmt"
"cstrike\materials\dev\value70.vtf"
"cstrike\materials\dev\value80.vmt"
"cstrike\materials\dev\value80.vtf"
"cstrike\materials\dev\value90.vmt"
"cstrike\materials\dev\value90.vtf"
"cstrike\materials\dev\valuesand10.vmt"
"cstrike\materials\dev\valuesand10.vtf"
"cstrike\materials\dev\valuesand20.vmt"
"cstrike\materials\dev\valuesand20.vtf"
"cstrike\materials\dev\valuesand30.vmt"
"cstrike\materials\dev\valuesand30.vtf"
"cstrike\materials\dev\valuesand40.vmt"
"cstrike\materials\dev\valuesand40.vtf"
"cstrike\materials\dev\valuesand50.vmt"
"cstrike\materials\dev\valuesand50.vtf"
"cstrike\materials\dev\valuesand60.vmt"
"cstrike\materials\dev\valuesand60.vtf"
"cstrike\materials\dev\valuesand70.vmt"
"cstrike\materials\dev\valuesand70.vtf"
"cstrike\materials\dev\valuesand80.vmt"
"cstrike\materials\dev\valuesand80.vtf"
"cstrike\materials\dev\valuesand90.vmt"
"cstrike\materials\dev\valuesand90.vtf"
"cstrike\materials\de_dust\duroad.vmt"
"cstrike\materials\de_dust\duroad.vtf"
"cstrike\materials\de_dust\duroadtgt.vmt"
"cstrike\materials\de_dust\duroadtgt.vtf"
"cstrike\materials\de_dust\duroadtgta.vmt"
"cstrike\materials\de_dust\duroadtgta.vtf"
"cstrike\materials\de_dust\dusandwlltrim3.vmt"
"cstrike\materials\de_dust\dusandwlltrim3.vtf"
"cstrike\materials\de_dust\groundsand03a.vmt"
"cstrike\materials\de_dust\rockwall01.vmt"
"cstrike\materials\de_dust\sandroadtgtb.vmt"
"cstrike\materials\de_dust\sandroadtgtb.vtf"
"cstrike\materials\de_dust\sitebwall08a_normal.vtf"
"cstrike\materials\de_dust\sitebwall08b_normal.vtf"
"cstrike\materials\de_dust\sitebwall08_normal.vtf"
"cstrike\materials\de_dust\templewall03a_normal.vtf"
"cstrike\materials\de_dust\templewall03_normal.vtf"
"cstrike\materials\sprites\c4.vmt"
"cstrike\materials\sprites\c4.vtf"
"cstrike\materials\sprites\defuser.vmt"
"cstrike\materials\sprites\defuser.vtf"
"cstrike\materials\sprites\halo.vmt"
"cstrike\materials\sprites\halo.vtf"
"cstrike\materials\sprites\hostage_rescue.vmt"
"cstrike\materials\sprites\hostage_rescue.vtf"
"cstrike\materials\sprites\numbers.vmt"
"cstrike\materials\sprites\numbers.vtf"
"cstrike\materials\sprites\shopping_cart.vmt"
"cstrike\materials\sprites\shopping_cart.vtf"
"cstrike\materials\sprites\smoke.vmt"
"cstrike\materials\sprites\water_drop.vmt"
"cstrike\materials\sprites\water_drop.vtf"
"cstrike\materials\sprites\wpn_select1.vmt"
"cstrike\materials\sprites\wpn_select1.vtf"
"cstrike\materials\sprites\wpn_select2.vmt"
"cstrike\materials\sprites\wpn_select2.vtf"
"cstrike\materials\sprites\wpn_select3.vmt"
"cstrike\materials\sprites\wpn_select3.vtf"
"cstrike\materials\sprites\wpn_select4.vmt"
"cstrike\materials\sprites\wpn_select4.vtf"
"cstrike\materials\sprites\wpn_select5.vmt"
"cstrike\materials\sprites\wpn_select5.vtf"
"cstrike\materials\sprites\wpn_select7.vmt"
"cstrike\materials\sprites\wpn_select7.vtf"
"cstrike\materials\sprites\xfireball3.vmt"
"cstrike\materials\sprites\xfireball3.vtf"
"cstrike\materials\sprites\yelflare1.vmt"
"cstrike\materials\sprites\yelflare1.vtf"
"cstrike\materials\vgui\gfx\vgui\ak47.vmt"
"cstrike\materials\vgui\gfx\vgui\ak47.vtf"
"cstrike\materials\vgui\gfx\vgui\arctic.vmt"
"cstrike\materials\vgui\gfx\vgui\arctic.vtf"
"cstrike\materials\vgui\gfx\vgui\aug.vmt"
"cstrike\materials\vgui\gfx\vgui\aug.vtf"
"cstrike\materials\vgui\gfx\vgui\awp.vmt"
"cstrike\materials\vgui\gfx\vgui\awp.vtf"
"cstrike\materials\vgui\gfx\vgui\crosshair.vmt"
"cstrike\materials\vgui\gfx\vgui\crosshair.vtf"
"cstrike\materials\vgui\gfx\vgui\deserteagle.vmt"
"cstrike\materials\vgui\gfx\vgui\deserteagle.vtf"
"cstrike\materials\vgui\gfx\vgui\elites.vmt"
"cstrike\materials\vgui\gfx\vgui\elites.vtf"
"cstrike\materials\vgui\gfx\vgui\famas.vmt"
"cstrike\materials\vgui\gfx\vgui\famas.vtf"
"cstrike\materials\vgui\gfx\vgui\fiveseven.vmt"
"cstrike\materials\vgui\gfx\vgui\fiveseven.vtf"
"cstrike\materials\vgui\gfx\vgui\g3sg1.vmt"
"cstrike\materials\vgui\gfx\vgui\g3sg1.vtf"
"cstrike\materials\vgui\gfx\vgui\galil.vmt"
"cstrike\materials\vgui\gfx\vgui\galil.vtf"
"cstrike\materials\vgui\gfx\vgui\gign.vmt"
"cstrike\materials\vgui\gfx\vgui\gign.vtf"
"cstrike\materials\vgui\gfx\vgui\glock18.vmt"
"cstrike\materials\vgui\gfx\vgui\glock18.vtf"
"cstrike\materials\vgui\gfx\vgui\gsg9.vmt"
"cstrike\materials\vgui\gfx\vgui\gsg9.vtf"
"cstrike\materials\vgui\gfx\vgui\guerilla.vmt"
"cstrike\materials\vgui\gfx\vgui\guerilla.vtf"
"cstrike\materials\vgui\gfx\vgui\leet.vmt"
"cstrike\materials\vgui\gfx\vgui\leet.vtf"
"cstrike\materials\vgui\gfx\vgui\m249.vmt"
"cstrike\materials\vgui\gfx\vgui\m249.vtf"
"cstrike\materials\vgui\gfx\vgui\m3.vmt"
"cstrike\materials\vgui\gfx\vgui\m3.vtf"
"cstrike\materials\vgui\gfx\vgui\m4a1.vmt"
"cstrike\materials\vgui\gfx\vgui\m4a1.vtf"
"cstrike\materials\vgui\gfx\vgui\mac10.vmt"
"cstrike\materials\vgui\gfx\vgui\mac10.vtf"
"cstrike\materials\vgui\gfx\vgui\mp5.vmt"
"cstrike\materials\vgui\gfx\vgui\mp5.vtf"
"cstrike\materials\vgui\gfx\vgui\not_available.vmt"
"cstrike\materials\vgui\gfx\vgui\not_available.vtf"
"cstrike\materials\vgui\gfx\vgui\p228.vmt"
"cstrike\materials\vgui\gfx\vgui\p228.vtf"
"cstrike\materials\vgui\gfx\vgui\p90.vmt"
"cstrike\materials\vgui\gfx\vgui\p90.vtf"
"cstrike\materials\vgui\gfx\vgui\sas.vmt"
"cstrike\materials\vgui\gfx\vgui\sas.vtf"
"cstrike\materials\vgui\gfx\vgui\scout.vmt"
"cstrike\materials\vgui\gfx\vgui\scout.vtf"
"cstrike\materials\vgui\gfx\vgui\sg550.vmt"
"cstrike\materials\vgui\gfx\vgui\sg550.vtf"
"cstrike\materials\vgui\gfx\vgui\sg552.vmt"
"cstrike\materials\vgui\gfx\vgui\sg552.vtf"
"cstrike\materials\vgui\gfx\vgui\shield.vmt"
"cstrike\materials\vgui\gfx\vgui\shield.vtf"
"cstrike\materials\vgui\gfx\vgui\terror.vmt"
"cstrike\materials\vgui\gfx\vgui\terror.vtf"
"cstrike\materials\vgui\gfx\vgui\tmp.vmt"
"cstrike\materials\vgui\gfx\vgui\tmp.vtf"
"cstrike\materials\vgui\gfx\vgui\ump45.vmt"
"cstrike\materials\vgui\gfx\vgui\ump45.vtf"
"cstrike\materials\vgui\gfx\vgui\urban.vmt"
"cstrike\materials\vgui\gfx\vgui\urban.vtf"
"cstrike\materials\vgui\gfx\vgui\usp45.vmt"
"cstrike\materials\vgui\gfx\vgui\usp45.vtf"
"cstrike\materials\vgui\gfx\vgui\vip.vmt"
"cstrike\materials\vgui\gfx\vgui\vip.vtf"
"cstrike\materials\vgui\gfx\vgui\xm1014.vmt"
"cstrike\materials\vgui\gfx\vgui\xm1014.vtf"
"cstrike\materials\vgui\logos\spray_bullseye.vmt"
"cstrike\materials\vgui\logos\spray_bullseye.vtf"
"cstrike\materials\vgui\logos\spray_crosshairs.vmt"
"cstrike\materials\vgui\logos\spray_crosshairs.vtf"
"cstrike\materials\vgui\logos\spray_crybaby.vmt"
"cstrike\materials\vgui\logos\spray_crybaby.vtf"
"cstrike\materials\vgui\logos\spray_elited.vmt"
"cstrike\materials\vgui\logos\spray_elited.vtf"
"cstrike\materials\vgui\logos\spray_flashbanged.vmt"
"cstrike\materials\vgui\logos\spray_flashbanged.vtf"
"cstrike\materials\vgui\logos\spray_grenaded.vmt"
"cstrike\materials\vgui\logos\spray_grenaded.vtf"
"cstrike\materials\vgui\logos\spray_headshot.vmt"
"cstrike\materials\vgui\logos\spray_headshot.vtf"
"cstrike\materials\vgui\logos\spray_insights.vmt"
"cstrike\materials\vgui\logos\spray_insights.vtf"
"cstrike\materials\vgui\logos\spray_kamikazi.vmt"
"cstrike\materials\vgui\logos\spray_kamikazi.vtf"
"cstrike\materials\vgui\logos\spray_kilroy.vmt"
"cstrike\materials\vgui\logos\spray_kilroy.vtf"
"cstrike\materials\vgui\logos\spray_knifed.vmt"
"cstrike\materials\vgui\logos\spray_knifed.vtf"
"cstrike\materials\vgui\logos\spray_nobombs.vmt"
"cstrike\materials\vgui\logos\spray_nobombs.vtf"
"cstrike\materials\vgui\logos\spray_nosmoking.vmt"
"cstrike\materials\vgui\logos\spray_nosmoking.vtf"
"cstrike\materials\vgui\logos\spray_nowar.vmt"
"cstrike\materials\vgui\logos\spray_nowar.vtf"
"cstrike\materials\vgui\logos\spray_touchdown.vmt"
"cstrike\materials\vgui\logos\spray_touchdown.vtf"
"cstrike\materials\vgui\screens\vgui_overlay.vmt"
"cstrike\materials\vgui\screens\vgui_overlay.vtf"
"cstrike\materials\vgui\white_additive.vtf"
"cstrike\rebuy.txt"
"cstrike\reslists\counter-strike source\precache.lst"
"cstrike\reslists\counter-strike source\preload.lst"
"cstrike\reslists\counter-strike source\unreferenced.lst"
"cstrike\reslists\counter-strike source beta\precache.lst"
"cstrike\reslists\counter-strike source beta\preload.lst"
"cstrike\reslists\counter-strike source beta\unreferenced.lst"
"cstrike\reslists\cs_havana.lst"
"cstrike\reslists\cs_havana.snd"
"cstrike\reslists\cs_italy.lst"
"cstrike\reslists\cs_italy.snd"
"cstrike\reslists\cs_office.lst"
"cstrike\reslists\cs_office.snd"
"cstrike\reslists\de_aztec.lst"
"cstrike\reslists\de_aztec.snd"
"cstrike\reslists\de_cbble.lst"
"cstrike\reslists\de_cbble.snd"
"cstrike\reslists\de_chateau.lst"
"cstrike\reslists\de_chateau.snd"
"cstrike\reslists\de_dust.lst"
"cstrike\reslists\de_dust.snd"
"cstrike\reslists\de_dust2.lst"
"cstrike\reslists\de_dust2.snd"
"cstrike\reslists\de_piranesi.lst"
"cstrike\reslists\de_piranesi.snd"
"cstrike\reslists\exclude.lst"
"cstrike\reslists\playtest counter-strike source\precache.lst"
"cstrike\reslists\playtest counter-strike source\preload.lst"
"cstrike\reslists\playtest counter-strike source\unreferenced.lst"
"cstrike\reslists\test_hardware.lst"
"cstrike\reslists\test_hardware.snd"
"cstrike\reslists\test_speakers.lst"
"cstrike\reslists\test_speakers.snd"
"cstrike\reslists.bat"
"cstrike\stats.txt"
"cstrike\whitelist.cfg"
"cstrike\whitelist_beta.cfg"
"cstrike\whitelist_files.txt"
